
============================= Command Line Check =============================
2015-01-24 15:53:17 --> Info: No of Command Line Parameters Passed: 0

============================= System Information =============================
Module Name and Version: IDM Backup Manager0.9.8(Beta)
Module Path: C:\Users\Tejas\Desktop\PROJECT\branches\project\IDM\Extra\BUILDv0.9.8\IDM_Backup_Manager_Portable0.9.8\IDM Backup Manager.exe
Is Module 64 bit?: 0
Dll: C:\Users\Tejas\Desktop\PROJECT\branches\project\IDM\Extra\BUILDv0.9.8\IDM_Backup_Manager_Portable0.9.8\7-zip32.dll
OS Type: WIN32_NT
OS Version: WIN_7
Service Package: Service Pack 1
Total Memory: 2 GB
Available Memory: 1.26 GB

2015-01-24 15:53:18 --> Info: Check DLL: Found
2015-01-24 15:53:19 --> Warning: Internet Download Manager Is Running. User Selected No.

============================= Check Profile ==================================
2015-01-24 15:53:20 --> Info: Finalized Path $AppDataIDMFolder= 	"C:\Users\Tejas\AppData\Roaming\IDM\"
2015-01-24 15:53:20 --> Info: Finalized Path $s_TempPath= 		"C:\Users\Tejas\AppData\Roaming\IDM\"
2015-01-24 15:53:20 --> Info: Finalized Path $DwnlData_Folder= 		"C:\Users\Tejas\AppData\Roaming\IDM\DwnlData\"
2015-01-24 15:53:20 --> Info: Finalized Path $GrabberData_Folder= 	"C:\Users\Tejas\AppData\Roaming\IDM\GrabberData\"
2015-01-24 15:53:20 --> Info: Setting File $s_Setting_File= 		"C:\Users\Tejas\Desktop\PROJECT\branches\project\IDM\Extra\BUILDv0.9.8\IDM_Backup_Manager_Portable0.9.8\SettingFile.ini"
2015-01-24 15:53:20 --> Info: Log File $s_Log_File= 			"C:\Users\Tejas\Desktop\PROJECT\branches\project\IDM\Extra\BUILDv0.9.8\IDM_Backup_Manager_Portable0.9.8\LogFile.log"
2015-01-24 15:53:20 --> Info: Backup Path $s_Backup_Dir= 		"C:\Users\Tejas\Documents\IDM Backup Files\"
2015-01-24 15:53:20 --> Info: INI File $s_ini_File= 			"C:\Users\Tejas\AppData\Local\Temp\idm_guest_Setting.ini"
2015-01-24 15:53:20 --> Info: Reg File $s_reg_File= 			"C:\Users\Tejas\AppData\Local\Temp\IDMregistry.reg"

2015-01-24 15:53:20 --> Info: Window Created: IDM Backup Manager0.9.8(Beta) With Error Code: 0

================================= Exit =======================================
