
============================= New Session Started at 2012-10-18 21:04:39 --> =============================

============================= System Information =============================
Module Name and Version: IDM Backup Manager0.9.3(Beta)
Module Path: C:\Users\Tejas\desktop\project\IDM\IDM BUILD_3\IDM Backup Manager.exe
OS Type: WIN32_NT
OS Version: WIN_7
Service Package: Service Pack 1
Total Memory: 1302072
Available Memory: 764916

============================= Variable Assignment =============================
2012-10-18 21:04:40 --> Internet Download Manager Is Running Now...User Selected No
2012-10-18 21:04:40 --> $AppDataIDMFolder = "C:\Users\Tejas\AppData\Roaming\IDM\"  Error Code:0
2012-10-18 21:04:40 --> $TempPath = "C:\Users\Tejas\AppData\Roaming\IDM\"  Error Code:0
2012-10-18 21:04:40 --> Finilized Path $AppDataIDMFolder= "C:\Users\Tejas\AppData\Roaming\IDM\"
2012-10-18 21:04:40 --> Finilized Path $TempPath= "C:\Users\Tejas\AppData\Roaming\IDM\"
2012-10-18 21:04:40 --> $AppDataIDMFolder = "C:\Users\Tejas\AppData\Roaming\IDM\"  Error Code:0
2012-10-18 21:04:40 --> $TempPath = "C:\Users\Tejas\AppData\Roaming\IDM\"  Error Code:0
2012-10-18 21:04:40 --> Finilized Path $AppDataIDMFolder= "C:\Users\Tejas\AppData\Roaming\IDM\"
2012-10-18 21:04:40 --> Finilized Path $TempPath= "C:\Users\Tejas\AppData\Roaming\IDM\"
2012-10-18 21:04:41 --> Window Created: IDM Backup Manager0.9.3(Beta) With Error Code: 0

============================= New Session Started at 2012-10-18 21:08:18 --> =============================

============================= System Information =============================
Module Name and Version: IDM Backup Manager0.9.3(Beta)
Module Path: C:\Users\Tejas\desktop\project\IDM\IDM BUILD_3\IDM Backup Manager.exe
OS Type: WIN32_NT
OS Version: WIN_7
Service Package: Service Pack 1
Total Memory: 1302072
Available Memory: 783816

============================= Variable Assignment =============================
2012-10-18 21:08:19 --> Internet Download Manager Is Running Now...User Selected No
2012-10-18 21:08:20 --> $AppDataIDMFolder = "C:\Users\Tejas\AppData\Roaming\IDM\"  Error Code:0
2012-10-18 21:08:20 --> $TempPath = "C:\Users\Tejas\AppData\Roaming\IDM\"  Error Code:0
2012-10-18 21:08:20 --> Finilized Path $AppDataIDMFolder= "C:\Users\Tejas\AppData\Roaming\IDM\"
2012-10-18 21:08:20 --> Finilized Path $TempPath= "C:\Users\Tejas\AppData\Roaming\IDM\"
2012-10-18 21:08:20 --> $AppDataIDMFolder = "C:\Users\Tejas\AppData\Roaming\IDM\"  Error Code:0
2012-10-18 21:08:20 --> $TempPath = "C:\Users\Tejas\AppData\Roaming\IDM\"  Error Code:0
2012-10-18 21:08:20 --> Finilized Path $AppDataIDMFolder= "C:\Users\Tejas\AppData\Roaming\IDM\"
2012-10-18 21:08:20 --> Finilized Path $TempPath= "C:\Users\Tejas\AppData\Roaming\IDM\"
2012-10-18 21:08:20 --> Window Created: IDM Backup Manager0.9.3(Beta) With Error Code: 0

============================= New Session Started at 2012-10-18 21:09:22 --> =============================

============================= System Information =============================
Module Name and Version: IDM Backup Manager0.9.3(Beta)
Module Path: C:\Users\Tejas\desktop\project\IDM\IDM BUILD_3\IDM Backup Manager.exe
OS Type: WIN32_NT
OS Version: WIN_7
Service Package: Service Pack 1
Total Memory: 1302072
Available Memory: 781656

============================= Variable Assignment =============================
2012-10-18 21:09:22 --> Internet Download Manager Is Running Now...User Selected No
2012-10-18 21:09:23 --> $AppDataIDMFolder = "C:\Users\Tejas\AppData\Roaming\IDM\"  Error Code:0
2012-10-18 21:09:23 --> $TempPath = "C:\Users\Tejas\AppData\Roaming\IDM\"  Error Code:0
2012-10-18 21:09:23 --> Finilized Path $AppDataIDMFolder= "C:\Users\Tejas\AppData\Roaming\IDM\"
2012-10-18 21:09:23 --> Finilized Path $TempPath= "C:\Users\Tejas\AppData\Roaming\IDM\"
2012-10-18 21:09:23 --> $AppDataIDMFolder = "C:\Users\Tejas\AppData\Roaming\IDM\"  Error Code:0
2012-10-18 21:09:23 --> $TempPath = "C:\Users\Tejas\AppData\Roaming\IDM\"  Error Code:0
2012-10-18 21:09:23 --> Finilized Path $AppDataIDMFolder= "C:\Users\Tejas\AppData\Roaming\IDM\"
2012-10-18 21:09:23 --> Finilized Path $TempPath= "C:\Users\Tejas\AppData\Roaming\IDM\"
2012-10-18 21:09:23 --> Window Created: IDM Backup Manager0.9.3(Beta) With Error Code: 0

============================= New Session Started at 2012-10-18 21:11:47 --> =============================

============================= System Information =============================
Module Name and Version: IDM Backup Manager0.9.3(Beta)
Module Path: C:\Users\Tejas\desktop\project\IDM\IDM BUILD_3\IDM Backup Manager.exe
OS Type: WIN32_NT
OS Version: WIN_7
Service Package: Service Pack 1
Total Memory: 1302072
Available Memory: 781752

============================= Variable Assignment =============================
2012-10-18 21:11:48 --> Internet Download Manager Is Running Now...User Selected No
2012-10-18 21:11:49 --> $AppDataIDMFolder = "C:\Users\Tejas\AppData\Roaming\IDM\"  Error Code:0
2012-10-18 21:11:49 --> $TempPath = "C:\Users\Tejas\AppData\Roaming\IDM\"  Error Code:0
2012-10-18 21:11:49 --> Finilized Path $AppDataIDMFolder= "C:\Users\Tejas\AppData\Roaming\IDM\"
2012-10-18 21:11:49 --> Finilized Path $TempPath= "C:\Users\Tejas\AppData\Roaming\IDM\"
2012-10-18 21:11:49 --> $AppDataIDMFolder = "C:\Users\Tejas\AppData\Roaming\IDM\"  Error Code:0
2012-10-18 21:11:49 --> $TempPath = "C:\Users\Tejas\AppData\Roaming\IDM\"  Error Code:0
2012-10-18 21:11:49 --> Finilized Path $AppDataIDMFolder= "C:\Users\Tejas\AppData\Roaming\IDM\"
2012-10-18 21:11:49 --> Finilized Path $TempPath= "C:\Users\Tejas\AppData\Roaming\IDM\"
2012-10-18 21:11:49 --> Window Created: IDM Backup Manager0.9.3(Beta) With Error Code: 0

============================= New Session Started at 2012-10-18 21:15:59 --> =============================

============================= System Information =============================
Module Name and Version: IDM Backup Manager0.9.3(Beta)
Module Path: C:\Users\Tejas\desktop\project\IDM\IDM BUILD_3\IDM Backup Manager.au3
OS Type: WIN32_NT
OS Version: WIN_7
Service Package: Service Pack 1
Total Memory: 1302072
Available Memory: 762372

============================= Variable Assignment =============================
2012-10-18 21:16:00 --> Internet Download Manager Is Running Now...User Selected No
2012-10-18 21:16:01 --> $AppDataIDMFolder = "C:\Users\Tejas\AppData\Roaming\IDM\"  Error Code:0
2012-10-18 21:16:01 --> $TempPath = "C:\Users\Tejas\AppData\Roaming\IDM\"  Error Code:0
2012-10-18 21:16:01 --> Finilized Path $AppDataIDMFolder= "C:\Users\Tejas\AppData\Roaming\IDM\"
2012-10-18 21:16:01 --> Finilized Path $TempPath= "C:\Users\Tejas\AppData\Roaming\IDM\"
2012-10-18 21:16:01 --> $AppDataIDMFolder = "C:\Users\Tejas\AppData\Roaming\IDM\"  Error Code:0
2012-10-18 21:16:01 --> $TempPath = "C:\Users\Tejas\AppData\Roaming\IDM\"  Error Code:0
2012-10-18 21:16:01 --> Finilized Path $AppDataIDMFolder= "C:\Users\Tejas\AppData\Roaming\IDM\"
2012-10-18 21:16:01 --> Finilized Path $TempPath= "C:\Users\Tejas\AppData\Roaming\IDM\"
2012-10-18 21:16:01 --> Window Created: IDM Backup Manager0.9.3(Beta) With Error Code: 0

============================= Backup Session Started =============================
2012-10-18 21:16:11 --> Password= "True"
2012-10-18 21:16:11 --> $ini_File= "C:\Users\Tejas\AppData\Local\Temp\idm_guest_Setting.ini"
2012-10-18 21:16:11 --> $reg_File= "C:\Users\Tejas\AppData\Local\Temp\IDMregistry.reg"
2012-10-18 21:16:11 --> User Selected Full Backup to  = "C:\Users\Tejas\Desktop\"
2012-10-18 21:17:02 --> Adding $TempPath = "C:\Users\Tejas\AppData\Roaming\IDM\" Error Code:Done
2012-10-18 21:17:08 --> Adding $reg_File = "C:\Users\Tejas\AppData\Local\Temp\IDMregistry.reg" Error Code:Done
2012-10-18 21:17:10 --> Adding $ini_File = "C:\Users\Tejas\AppData\Local\Temp\idm_guest_Setting.ini" Error Code:Done
============================= Backup Session Ended =============================

============================= New Session Started at 2012-10-18 21:19:10 --> =============================

============================= System Information =============================
Module Name and Version: IDM Backup Manager0.9.3(Beta)
Module Path: C:\Users\Tejas\desktop\project\IDM\IDM BUILD_3\IDM Backup Manager.exe
OS Type: WIN32_NT
OS Version: WIN_7
Service Package: Service Pack 1
Total Memory: 1302072
Available Memory: 762200

============================= Variable Assignment =============================
2012-10-18 21:19:11 --> Internet Download Manager Is Running Now...User Selected No
2012-10-18 21:19:12 --> $AppDataIDMFolder = "C:\Users\Tejas\AppData\Roaming\IDM\"  Error Code:0
2012-10-18 21:19:12 --> $TempPath = "C:\Users\Tejas\AppData\Roaming\IDM\"  Error Code:0
2012-10-18 21:19:12 --> Finilized Path $AppDataIDMFolder= "C:\Users\Tejas\AppData\Roaming\IDM\"
2012-10-18 21:19:12 --> Finilized Path $TempPath= "C:\Users\Tejas\AppData\Roaming\IDM\"
2012-10-18 21:19:12 --> $AppDataIDMFolder = "C:\Users\Tejas\AppData\Roaming\IDM\"  Error Code:0
2012-10-18 21:19:12 --> $TempPath = "C:\Users\Tejas\AppData\Roaming\IDM\"  Error Code:0
2012-10-18 21:19:12 --> Finilized Path $AppDataIDMFolder= "C:\Users\Tejas\AppData\Roaming\IDM\"
2012-10-18 21:19:12 --> Finilized Path $TempPath= "C:\Users\Tejas\AppData\Roaming\IDM\"
2012-10-18 21:19:12 --> Window Created: IDM Backup Manager0.9.3(Beta) With Error Code: 0

============================= Restore Session Started =============================
2012-10-18 21:19:20 --> $Restore_7z_path= "C:\Users\Tejas\Desktop\IDMbackup.7z"
2012-10-18 21:19:20 --> $ini_File= "C:\Users\Tejas\AppData\Local\Temp\idm_guest_Setting.ini"
2012-10-18 21:19:20 --> $reg_File= "C:\Users\Tejas\AppData\Local\Temp\IDMregistry.reg"
2012-10-18 21:19:20 --> Extracting idm_guest_Setting.ini = "C:\Users\Tejas\Desktop\IDMbackup.7z-->idm_guest_Setting.ini" Error Code:Done
2012-10-18 21:19:20 --> Password Protected Backup File Detected
2012-10-18 21:19:22 --> CRC Failed May Be Wrong Password !

============================= Restore Session Started =============================
2012-10-18 21:19:24 --> $Restore_7z_path= "C:\Users\Tejas\Desktop\IDMbackup.7z"
2012-10-18 21:19:24 --> $ini_File= "C:\Users\Tejas\AppData\Local\Temp\idm_guest_Setting.ini"
2012-10-18 21:19:24 --> $reg_File= "C:\Users\Tejas\AppData\Local\Temp\IDMregistry.reg"
2012-10-18 21:19:24 --> Extracting idm_guest_Setting.ini = "C:\Users\Tejas\Desktop\IDMbackup.7z-->idm_guest_Setting.ini" Error Code:Done
2012-10-18 21:19:24 --> Password Protected Backup File Detected
2012-10-18 21:19:26 --> CRC Failed May Be Wrong Password !

============================= Restore Session Started =============================
2012-10-18 21:19:26 --> $Restore_7z_path= "C:\Users\Tejas\Desktop\IDMbackup.7z"
2012-10-18 21:19:26 --> $ini_File= "C:\Users\Tejas\AppData\Local\Temp\idm_guest_Setting.ini"
2012-10-18 21:19:26 --> $reg_File= "C:\Users\Tejas\AppData\Local\Temp\IDMregistry.reg"
2012-10-18 21:19:26 --> Extracting idm_guest_Setting.ini = "C:\Users\Tejas\Desktop\IDMbackup.7z-->idm_guest_Setting.ini" Error Code:Done
2012-10-18 21:19:26 --> Password Protected Backup File Detected
2012-10-18 21:19:28 --> CRC Failed May Be Wrong Password !

============================= Restore Session Started =============================
2012-10-18 21:19:29 --> $Restore_7z_path= "C:\Users\Tejas\Desktop\IDMbackup.7z"
2012-10-18 21:19:29 --> $ini_File= "C:\Users\Tejas\AppData\Local\Temp\idm_guest_Setting.ini"
2012-10-18 21:19:29 --> $reg_File= "C:\Users\Tejas\AppData\Local\Temp\IDMregistry.reg"
2012-10-18 21:19:29 --> Extracting idm_guest_Setting.ini = "C:\Users\Tejas\Desktop\IDMbackup.7z-->idm_guest_Setting.ini" Error Code:Done
2012-10-18 21:19:29 --> Password Protected Backup File Detected
2012-10-18 21:19:33 --> CRC Failed May Be Wrong Password !

============================= Restore Session Started =============================
2012-10-18 21:19:36 --> $Restore_7z_path= "C:\Users\Tejas\Desktop\IDMbackup.7z"
2012-10-18 21:19:36 --> $ini_File= "C:\Users\Tejas\AppData\Local\Temp\idm_guest_Setting.ini"
2012-10-18 21:19:36 --> $reg_File= "C:\Users\Tejas\AppData\Local\Temp\IDMregistry.reg"
2012-10-18 21:19:36 --> Extracting idm_guest_Setting.ini = "C:\Users\Tejas\Desktop\IDMbackup.7z-->idm_guest_Setting.ini" Error Code:Done
2012-10-18 21:19:36 --> Password Protected Backup File Detected
2012-10-18 21:19:42 --> Checkbox Not Yet Checked !

============================= Restore Session Started =============================
2012-10-18 21:19:48 --> $Restore_7z_path= "C:\Users\Tejas\Desktop\IDMbackup.7z"
2012-10-18 21:19:48 --> $ini_File= "C:\Users\Tejas\AppData\Local\Temp\idm_guest_Setting.ini"
2012-10-18 21:19:48 --> $reg_File= "C:\Users\Tejas\AppData\Local\Temp\IDMregistry.reg"
2012-10-18 21:19:48 --> Extracting idm_guest_Setting.ini = "C:\Users\Tejas\Desktop\IDMbackup.7z-->idm_guest_Setting.ini" Error Code:Done
2012-10-18 21:19:48 --> Password Protected Backup File Detected
2012-10-18 21:19:50 --> Empty Password !

============================= Restore Session Started =============================
2012-10-18 21:19:56 --> $Restore_7z_path= "C:\Users\Tejas\Desktop\IDMbackup.7z"
2012-10-18 21:19:56 --> $ini_File= "C:\Users\Tejas\AppData\Local\Temp\idm_guest_Setting.ini"
2012-10-18 21:19:56 --> $reg_File= "C:\Users\Tejas\AppData\Local\Temp\IDMregistry.reg"
2012-10-18 21:19:56 --> Extracting idm_guest_Setting.ini = "C:\Users\Tejas\Desktop\IDMbackup.7z-->idm_guest_Setting.ini" Error Code:Done
2012-10-18 21:19:56 --> Password Protected Backup File Detected
2012-10-18 21:19:57 --> Checkbox Not Yet Checked !

============================= New Session Started at 2012-10-18 21:28:56 --> =============================

============================= System Information =============================
Module Name and Version: IDM Backup Manager0.9.3(Beta)
Module Path: C:\Users\Tejas\desktop\project\IDM\IDM BUILD_3\IDM Backup Manager.au3
OS Type: WIN32_NT
OS Version: WIN_7
Service Package: Service Pack 1
Total Memory: 1302072
Available Memory: 517360

============================= Variable Assignment =============================
2012-10-18 21:28:59 --> Internet Download Manager Is Running Now...User Selected No
2012-10-18 21:29:00 --> $AppDataIDMFolder = "C:\Users\Tejas\AppData\Roaming\IDM\"  Error Code:0
2012-10-18 21:29:00 --> $TempPath = "C:\Users\Tejas\AppData\Roaming\IDM\"  Error Code:0
2012-10-18 21:29:00 --> Finilized Path $AppDataIDMFolder= "C:\Users\Tejas\AppData\Roaming\IDM\"
2012-10-18 21:29:00 --> Finilized Path $TempPath= "C:\Users\Tejas\AppData\Roaming\IDM\"
2012-10-18 21:29:00 --> $AppDataIDMFolder = "C:\Users\Tejas\AppData\Roaming\IDM\"  Error Code:0
2012-10-18 21:29:00 --> $TempPath = "C:\Users\Tejas\AppData\Roaming\IDM\"  Error Code:0
2012-10-18 21:29:00 --> Finilized Path $AppDataIDMFolder= "C:\Users\Tejas\AppData\Roaming\IDM\"
2012-10-18 21:29:00 --> Finilized Path $TempPath= "C:\Users\Tejas\AppData\Roaming\IDM\"
2012-10-18 21:29:00 --> Window Created: IDM Backup Manager0.9.3(Beta) With Error Code: 0

============================= New Session Started at 2012-10-18 21:30:07 --> =============================

============================= System Information =============================
Module Name and Version: IDM Backup Manager0.9.3(Beta)
Module Path: C:\Users\Tejas\desktop\project\IDM\IDM BUILD_3\IDM Backup Manager.au3
OS Type: WIN32_NT
OS Version: WIN_7
Service Package: Service Pack 1
Total Memory: 1302072
Available Memory: 506496

============================= Variable Assignment =============================
2012-10-18 21:30:08 --> Internet Download Manager Is Running Now...User Selected No
2012-10-18 21:30:08 --> $AppDataIDMFolder = "C:\Users\Tejas\AppData\Roaming\IDM\"  Error Code:0
2012-10-18 21:30:08 --> $TempPath = "C:\Users\Tejas\AppData\Roaming\IDM\"  Error Code:0
2012-10-18 21:30:08 --> Finilized Path $AppDataIDMFolder= "C:\Users\Tejas\AppData\Roaming\IDM\"
2012-10-18 21:30:08 --> Finilized Path $TempPath= "C:\Users\Tejas\AppData\Roaming\IDM\"
2012-10-18 21:30:08 --> $AppDataIDMFolder = "C:\Users\Tejas\AppData\Roaming\IDM\"  Error Code:0
2012-10-18 21:30:08 --> $TempPath = "C:\Users\Tejas\AppData\Roaming\IDM\"  Error Code:0
2012-10-18 21:30:08 --> Finilized Path $AppDataIDMFolder= "C:\Users\Tejas\AppData\Roaming\IDM\"
2012-10-18 21:30:08 --> Finilized Path $TempPath= "C:\Users\Tejas\AppData\Roaming\IDM\"
2012-10-18 21:30:09 --> Window Created: IDM Backup Manager0.9.3(Beta) With Error Code: 0

============================= New Session Started at 2012-10-18 21:30:28 --> =============================

============================= System Information =============================
Module Name and Version: IDM Backup Manager0.9.3(Beta)
Module Path: C:\Users\Tejas\desktop\project\IDM\IDM BUILD_3\IDM Backup Manager.au3
OS Type: WIN32_NT
OS Version: WIN_7
Service Package: Service Pack 1
Total Memory: 1302072
Available Memory: 506392

============================= Variable Assignment =============================
2012-10-18 21:30:29 --> Internet Download Manager Is Running Now...User Selected No
2012-10-18 21:30:29 --> $AppDataIDMFolder = "C:\Users\Tejas\AppData\Roaming\IDM\"  Error Code:0
2012-10-18 21:30:29 --> $TempPath = "C:\Users\Tejas\AppData\Roaming\IDM\"  Error Code:0
2012-10-18 21:30:29 --> Finilized Path $AppDataIDMFolder= "C:\Users\Tejas\AppData\Roaming\IDM\"
2012-10-18 21:30:29 --> Finilized Path $TempPath= "C:\Users\Tejas\AppData\Roaming\IDM\"
2012-10-18 21:30:29 --> $AppDataIDMFolder = "C:\Users\Tejas\AppData\Roaming\IDM\"  Error Code:0
2012-10-18 21:30:29 --> $TempPath = "C:\Users\Tejas\AppData\Roaming\IDM\"  Error Code:0
2012-10-18 21:30:29 --> Finilized Path $AppDataIDMFolder= "C:\Users\Tejas\AppData\Roaming\IDM\"
2012-10-18 21:30:29 --> Finilized Path $TempPath= "C:\Users\Tejas\AppData\Roaming\IDM\"
2012-10-18 21:30:29 --> Window Created: IDM Backup Manager0.9.3(Beta) With Error Code: 0

============================= New Session Started at 2012-10-18 21:31:18 --> =============================

============================= System Information =============================
Module Name and Version: IDM Backup Manager0.9.3(Beta)
Module Path: C:\Users\Tejas\desktop\project\IDM\IDM BUILD_3\IDM Backup Manager.au3
OS Type: WIN32_NT
OS Version: WIN_7
Service Package: Service Pack 1
Total Memory: 1302072
Available Memory: 473972

============================= Variable Assignment =============================
2012-10-18 21:31:19 --> Internet Download Manager Is Running Now...User Selected No
2012-10-18 21:31:19 --> $AppDataIDMFolder = "C:\Users\Tejas\AppData\Roaming\IDM\"  Error Code:0
2012-10-18 21:31:19 --> $TempPath = "C:\Users\Tejas\AppData\Roaming\IDM\"  Error Code:0
2012-10-18 21:31:19 --> Finilized Path $AppDataIDMFolder= "C:\Users\Tejas\AppData\Roaming\IDM\"
2012-10-18 21:31:19 --> Finilized Path $TempPath= "C:\Users\Tejas\AppData\Roaming\IDM\"
2012-10-18 21:31:19 --> $AppDataIDMFolder = "C:\Users\Tejas\AppData\Roaming\IDM\"  Error Code:0
2012-10-18 21:31:19 --> $TempPath = "C:\Users\Tejas\AppData\Roaming\IDM\"  Error Code:0
2012-10-18 21:31:19 --> Finilized Path $AppDataIDMFolder= "C:\Users\Tejas\AppData\Roaming\IDM\"
2012-10-18 21:31:19 --> Finilized Path $TempPath= "C:\Users\Tejas\AppData\Roaming\IDM\"
2012-10-18 21:31:20 --> Window Created: IDM Backup Manager0.9.3(Beta) With Error Code: 0

============================= New Session Started at 2012-10-18 21:32:32 --> =============================

============================= System Information =============================
Module Name and Version: IDM Backup Manager0.9.3(Beta)
Module Path: C:\Users\Tejas\desktop\project\IDM\IDM BUILD_3\IDM Backup Manager.au3
OS Type: WIN32_NT
OS Version: WIN_7
Service Package: Service Pack 1
Total Memory: 1302072
Available Memory: 529836

============================= Variable Assignment =============================
2012-10-18 21:32:32 --> Internet Download Manager Is Running Now...User Selected No
2012-10-18 21:32:33 --> $AppDataIDMFolder = "C:\Users\Tejas\AppData\Roaming\IDM\"  Error Code:0
2012-10-18 21:32:33 --> $TempPath = "C:\Users\Tejas\AppData\Roaming\IDM\"  Error Code:0
2012-10-18 21:32:33 --> Finilized Path $AppDataIDMFolder= "C:\Users\Tejas\AppData\Roaming\IDM\"
2012-10-18 21:32:33 --> Finilized Path $TempPath= "C:\Users\Tejas\AppData\Roaming\IDM\"
2012-10-18 21:32:33 --> $AppDataIDMFolder = "C:\Users\Tejas\AppData\Roaming\IDM\"  Error Code:0
2012-10-18 21:32:33 --> $TempPath = "C:\Users\Tejas\AppData\Roaming\IDM\"  Error Code:0
2012-10-18 21:32:33 --> Finilized Path $AppDataIDMFolder= "C:\Users\Tejas\AppData\Roaming\IDM\"
2012-10-18 21:32:33 --> Finilized Path $TempPath= "C:\Users\Tejas\AppData\Roaming\IDM\"
2012-10-18 21:32:33 --> Window Created: IDM Backup Manager0.9.3(Beta) With Error Code: 0

============================= New Session Started at 2012-10-18 21:33:34 --> =============================

============================= System Information =============================
Module Name and Version: IDM Backup Manager0.9.3(Beta)
Module Path: C:\Users\Tejas\desktop\project\IDM\IDM BUILD_3\IDM Backup Manager.au3
OS Type: WIN32_NT
OS Version: WIN_7
Service Package: Service Pack 1
Total Memory: 1302072
Available Memory: 506860

============================= Variable Assignment =============================
2012-10-18 21:33:35 --> Internet Download Manager Is Running Now...User Selected No
2012-10-18 21:33:37 --> $AppDataIDMFolder = "C:\Users\Tejas\AppData\Roaming\IDM\"  Error Code:0
2012-10-18 21:33:37 --> $TempPath = "C:\Users\Tejas\AppData\Roaming\IDM\"  Error Code:0
2012-10-18 21:33:37 --> Finilized Path $AppDataIDMFolder= "C:\Users\Tejas\AppData\Roaming\IDM\"
2012-10-18 21:33:37 --> Finilized Path $TempPath= "C:\Users\Tejas\AppData\Roaming\IDM\"
2012-10-18 21:33:37 --> $AppDataIDMFolder = "C:\Users\Tejas\AppData\Roaming\IDM\"  Error Code:0
2012-10-18 21:33:37 --> $TempPath = "C:\Users\Tejas\AppData\Roaming\IDM\"  Error Code:0
2012-10-18 21:33:37 --> Finilized Path $AppDataIDMFolder= "C:\Users\Tejas\AppData\Roaming\IDM\"
2012-10-18 21:33:37 --> Finilized Path $TempPath= "C:\Users\Tejas\AppData\Roaming\IDM\"
2012-10-18 21:33:37 --> Window Created: IDM Backup Manager0.9.3(Beta) With Error Code: 0

============================= New Session Started at 2012-10-18 21:35:34 --> =============================

============================= System Information =============================
Module Name and Version: IDM Backup Manager0.9.3(Beta)
Module Path: C:\Users\Tejas\desktop\project\IDM\IDM BUILD_3\IDM Backup Manager.au3
OS Type: WIN32_NT
OS Version: WIN_7
Service Package: Service Pack 1
Total Memory: 1302072
Available Memory: 516180

============================= Variable Assignment =============================
2012-10-18 21:35:34 --> Internet Download Manager Is Running Now...User Selected No
2012-10-18 21:35:35 --> $AppDataIDMFolder = "C:\Users\Tejas\AppData\Roaming\IDM\"  Error Code:0
2012-10-18 21:35:35 --> $TempPath = "C:\Users\Tejas\AppData\Roaming\IDM\"  Error Code:0
2012-10-18 21:35:35 --> Finilized Path $AppDataIDMFolder= "C:\Users\Tejas\AppData\Roaming\IDM\"
2012-10-18 21:35:35 --> Finilized Path $TempPath= "C:\Users\Tejas\AppData\Roaming\IDM\"
2012-10-18 21:35:35 --> $AppDataIDMFolder = "C:\Users\Tejas\AppData\Roaming\IDM\"  Error Code:0
2012-10-18 21:35:35 --> $TempPath = "C:\Users\Tejas\AppData\Roaming\IDM\"  Error Code:0
2012-10-18 21:35:35 --> Finilized Path $AppDataIDMFolder= "C:\Users\Tejas\AppData\Roaming\IDM\"
2012-10-18 21:35:35 --> Finilized Path $TempPath= "C:\Users\Tejas\AppData\Roaming\IDM\"
2012-10-18 21:35:35 --> Window Created: IDM Backup Manager0.9.3(Beta) With Error Code: 0

============================= New Session Started at 2012-10-18 22:58:07 --> =============================

============================= System Information =============================
Module Name and Version: IDM Backup Manager0.9.3(Beta)
Module Path: C:\Users\Tejas\desktop\project\IDM\IDM BUILD_3\IDM Backup Manager.exe
OS Type: WIN32_NT
OS Version: WIN_7
Service Package: Service Pack 1
Total Memory: 1302072
Available Memory: 841500

============================= Variable Assignment =============================
2012-10-18 22:58:09 --> Internet Download Manager Is Running Now...User Selected No
2012-10-18 22:58:10 --> $AppDataIDMFolder = "C:\Users\Tejas\AppData\Roaming\IDM\"  Error Code:0
2012-10-18 22:58:10 --> $TempPath = "C:\Users\Tejas\AppData\Roaming\IDM\"  Error Code:0
2012-10-18 22:58:10 --> Finilized Path $AppDataIDMFolder= "C:\Users\Tejas\AppData\Roaming\IDM\"
2012-10-18 22:58:10 --> Finilized Path $TempPath= "C:\Users\Tejas\AppData\Roaming\IDM\"
2012-10-18 22:58:10 --> $AppDataIDMFolder = "C:\Users\Tejas\AppData\Roaming\IDM\"  Error Code:0
2012-10-18 22:58:10 --> $TempPath = "C:\Users\Tejas\AppData\Roaming\IDM\"  Error Code:0
2012-10-18 22:58:10 --> Finilized Path $AppDataIDMFolder= "C:\Users\Tejas\AppData\Roaming\IDM\"
2012-10-18 22:58:10 --> Finilized Path $TempPath= "C:\Users\Tejas\AppData\Roaming\IDM\"
2012-10-18 22:58:10 --> Window Created: IDM Backup Manager0.9.3(Beta) With Error Code: 0

============================= New Session Started at 2012-10-18 22:59:43 --> =============================

============================= System Information =============================
Module Name and Version: IDM Backup Manager0.9.3(Beta)
Module Path: C:\Users\Tejas\desktop\project\IDM\IDM BUILD_3\IDM Backup Manager.exe
OS Type: WIN32_NT
OS Version: WIN_7
Service Package: Service Pack 1
Total Memory: 1302072
Available Memory: 641276

============================= Variable Assignment =============================
2012-10-18 22:59:44 --> Internet Download Manager Is Running Now...User Selected No
2012-10-18 22:59:45 --> $AppDataIDMFolder = "C:\Users\Tejas\AppData\Roaming\IDM\"  Error Code:0
2012-10-18 22:59:45 --> $TempPath = "C:\Users\Tejas\AppData\Roaming\IDM\"  Error Code:0
2012-10-18 22:59:45 --> Finilized Path $AppDataIDMFolder= "C:\Users\Tejas\AppData\Roaming\IDM\"
2012-10-18 22:59:45 --> Finilized Path $TempPath= "C:\Users\Tejas\AppData\Roaming\IDM\"
2012-10-18 22:59:45 --> $AppDataIDMFolder = "C:\Users\Tejas\AppData\Roaming\IDM\"  Error Code:0
2012-10-18 22:59:45 --> $TempPath = "C:\Users\Tejas\AppData\Roaming\IDM\"  Error Code:0
2012-10-18 22:59:45 --> Finilized Path $AppDataIDMFolder= "C:\Users\Tejas\AppData\Roaming\IDM\"
2012-10-18 22:59:45 --> Finilized Path $TempPath= "C:\Users\Tejas\AppData\Roaming\IDM\"
2012-10-18 22:59:45 --> Window Created: IDM Backup Manager0.9.3(Beta) With Error Code: 0

============================= New Session Started at 2012-10-18 23:14:34 --> =============================

============================= System Information =============================
Module Name and Version: IDM Backup Manager0.9.3(Beta)
Module Path: C:\Users\Tejas\desktop\project\IDM\IDM BUILD_3\IDM Backup Manager.exe
OS Type: WIN32_NT
OS Version: WIN_7
Service Package: Service Pack 1
Total Memory: 1302072
Available Memory: 539128

============================= Variable Assignment =============================
2012-10-18 23:14:40 --> Internet Download Manager Is Running Now...User Selected No
2012-10-18 23:14:50 --> $AppDataIDMFolder = "C:\Users\Tejas\AppData\Roaming\IDM\"  Error Code:0
2012-10-18 23:14:50 --> $TempPath = "C:\Users\Tejas\AppData\Roaming\IDM\"  Error Code:0
2012-10-18 23:14:50 --> Finilized Path $AppDataIDMFolder= "C:\Users\Tejas\AppData\Roaming\IDM\"
2012-10-18 23:14:50 --> Finilized Path $TempPath= "C:\Users\Tejas\AppData\Roaming\IDM\"
2012-10-18 23:14:50 --> $AppDataIDMFolder = "C:\Users\Tejas\AppData\Roaming\IDM\"  Error Code:0
2012-10-18 23:14:50 --> $TempPath = "C:\Users\Tejas\AppData\Roaming\IDM\"  Error Code:0
2012-10-18 23:14:50 --> Finilized Path $AppDataIDMFolder= "C:\Users\Tejas\AppData\Roaming\IDM\"
2012-10-18 23:14:50 --> Finilized Path $TempPath= "C:\Users\Tejas\AppData\Roaming\IDM\"
2012-10-18 23:14:51 --> Window Created: IDM Backup Manager0.9.3(Beta) With Error Code: 0

============================= New Session Started at 2012-10-19 13:51:12 --> =============================

============================= System Information =============================
Module Name and Version: IDM Backup Manager0.9.3(Beta)
Module Path: C:\Users\Tejas\desktop\project\IDM\IDM BUILD_3\IDM Backup Manager.au3
OS Type: WIN32_NT
OS Version: WIN_XP
Service Package: Service Pack 3
Total Memory: 1301996
Available Memory: 904204

============================= Variable Assignment =============================
2012-10-19 13:51:12 --> $AppDataIDMFolder = ""  Error Code:0
2012-10-19 13:51:12 --> $TempPath = ""  Error Code:0
2012-10-19 13:51:12 --> Not Found $TempPath: ""
2012-10-19 13:51:12 --> Auto assign $TempPath: "D:\Documents and Settings\Tejas\Application Data\IDM\"
2012-10-19 13:51:12 --> Not Found $AppDataIDMFolder: ""
2012-10-19 13:51:12 --> Auto assign $TempPath: "D:\Documents and Settings\Tejas\Application Data\IDM\"
2012-10-19 13:51:12 --> $AppDataIDMFolder = ""  Error Code:0
2012-10-19 13:51:12 --> $TempPath = ""  Error Code:0
2012-10-19 13:51:12 --> Not Found $TempPath: ""
2012-10-19 13:51:12 --> Auto assign $TempPath: "D:\Documents and Settings\Tejas\Application Data\IDM\"
2012-10-19 13:51:12 --> Not Found $AppDataIDMFolder: ""
2012-10-19 13:51:12 --> Auto assign $TempPath: "D:\Documents and Settings\Tejas\Application Data\IDM\"
2012-10-19 13:51:12 --> Window Created: IDM Backup Manager0.9.3(Beta) With Error Code: 0

============================= Backup Session Started =============================
2012-10-19 13:51:42 --> Password= "False"
2012-10-19 13:51:42 --> $ini_File= "D:\DOCUME~1\Tejas\LOCALS~1\Temp\idm_guest_Setting.ini"
2012-10-19 13:51:42 --> $reg_File= "D:\DOCUME~1\Tejas\LOCALS~1\Temp\IDMregistry.reg"
2012-10-19 13:51:42 --> User Selected Full Backup to  = "D:\Documents and Settings\Tejas\Desktop\"
2012-10-19 13:51:44 --> Registry Entry Is Empty. Nothing To Backup !
============================= Backup Session Ended =============================

============================= Backup Session Started =============================
2012-10-19 13:51:49 --> Password= "False"
2012-10-19 13:51:49 --> $ini_File= "D:\DOCUME~1\Tejas\LOCALS~1\Temp\idm_guest_Setting.ini"
2012-10-19 13:51:49 --> $reg_File= "D:\DOCUME~1\Tejas\LOCALS~1\Temp\IDMregistry.reg"
2012-10-19 13:51:49 --> User Selected Full Backup to  = "D:\Documents and Settings\Tejas\Desktop\"
2012-10-19 13:51:52 --> Registry Entry Is Empty. Nothing To Backup !
============================= Backup Session Ended =============================

============================= New Session Started at 2012-10-19 13:55:21 --> =============================

============================= System Information =============================
Module Name and Version: IDM Backup Manager0.9.3(Beta)
Module Path: C:\Users\Tejas\desktop\project\IDM\IDM BUILD_3\IDM Backup Manager.au3
OS Type: WIN32_NT
OS Version: WIN_XP
Service Package: Service Pack 3
Total Memory: 1301996
Available Memory: 904192

============================= Variable Assignment =============================
2012-10-19 13:55:21 --> $AppDataIDMFolder = ""  Error Code:0
2012-10-19 13:55:21 --> $TempPath = ""  Error Code:0
2012-10-19 13:55:21 --> Not Found $TempPath: ""
2012-10-19 13:55:21 --> Auto assign $TempPath: "D:\Documents and Settings\Tejas\Application Data\IDM\"
2012-10-19 13:55:21 --> Not Found $AppDataIDMFolder: ""
2012-10-19 13:55:21 --> Auto assign $TempPath: "D:\Documents and Settings\Tejas\Application Data\IDM\"
2012-10-19 13:55:21 --> $AppDataIDMFolder = ""  Error Code:0
2012-10-19 13:55:21 --> $TempPath = ""  Error Code:0
2012-10-19 13:55:21 --> Not Found $TempPath: ""
2012-10-19 13:55:21 --> Auto assign $TempPath: "D:\Documents and Settings\Tejas\Application Data\IDM\"
2012-10-19 13:55:21 --> Not Found $AppDataIDMFolder: ""
2012-10-19 13:55:21 --> Auto assign $TempPath: "D:\Documents and Settings\Tejas\Application Data\IDM\"
2012-10-19 13:55:21 --> Window Created: IDM Backup Manager0.9.3(Beta) With Error Code: 0

============================= New Session Started at 2012-10-19 14:10:47 --> =============================

============================= System Information =============================
Module Name and Version: IDM Backup Manager0.9.3(Beta)
Module Path: C:\Users\Tejas\desktop\project\IDM\IDM BUILD_3\IDM Backup Manager.au3
OS Type: WIN32_NT
OS Version: WIN_7
Service Package: Service Pack 1
Total Memory: 1302072
Available Memory: 631872

============================= Variable Assignment =============================
2012-10-19 14:10:47 --> Internet Download Manager Is Running Now...User Selected No
2012-10-19 14:10:48 --> $AppDataIDMFolder = "C:\Users\Tejas\AppData\Roaming\IDM\"  Error Code:0
2012-10-19 14:10:48 --> $TempPath = "C:\Users\Tejas\AppData\Roaming\IDM\"  Error Code:0
2012-10-19 14:10:48 --> Finilized Path $AppDataIDMFolder= "C:\Users\Tejas\AppData\Roaming\IDM\"
2012-10-19 14:10:48 --> Finilized Path $TempPath= "C:\Users\Tejas\AppData\Roaming\IDM\"
2012-10-19 14:10:48 --> $AppDataIDMFolder = "C:\Users\Tejas\AppData\Roaming\IDM\"  Error Code:0
2012-10-19 14:10:48 --> $TempPath = "C:\Users\Tejas\AppData\Roaming\IDM\"  Error Code:0
2012-10-19 14:10:48 --> Finilized Path $AppDataIDMFolder= "C:\Users\Tejas\AppData\Roaming\IDM\"
2012-10-19 14:10:48 --> Finilized Path $TempPath= "C:\Users\Tejas\AppData\Roaming\IDM\"
2012-10-19 14:10:48 --> Window Created: IDM Backup Manager0.9.3(Beta) With Error Code: 0

============================= New Session Started at 2012-10-19 14:12:49 --> =============================

============================= System Information =============================
Module Name and Version: IDM Backup Manager0.9.3(Beta)
Module Path: C:\Users\Tejas\desktop\project\IDM\IDM BUILD_3\IDM Backup Manager.exe
OS Type: WIN32_NT
OS Version: WIN_7
Service Package: Service Pack 1
Total Memory: 1302072
Available Memory: 615964

============================= Variable Assignment =============================
2012-10-19 14:12:50 --> Internet Download Manager Is Running Now...User Selected No
2012-10-19 14:12:50 --> $AppDataIDMFolder = "C:\Users\Tejas\AppData\Roaming\IDM\"  Error Code:0
2012-10-19 14:12:50 --> $TempPath = "C:\Users\Tejas\AppData\Roaming\IDM\"  Error Code:0
2012-10-19 14:12:50 --> Finilized Path $AppDataIDMFolder= "C:\Users\Tejas\AppData\Roaming\IDM\"
2012-10-19 14:12:50 --> Finilized Path $TempPath= "C:\Users\Tejas\AppData\Roaming\IDM\"
2012-10-19 14:12:50 --> $AppDataIDMFolder = "C:\Users\Tejas\AppData\Roaming\IDM\"  Error Code:0
2012-10-19 14:12:50 --> $TempPath = "C:\Users\Tejas\AppData\Roaming\IDM\"  Error Code:0
2012-10-19 14:12:50 --> Finilized Path $AppDataIDMFolder= "C:\Users\Tejas\AppData\Roaming\IDM\"
2012-10-19 14:12:50 --> Finilized Path $TempPath= "C:\Users\Tejas\AppData\Roaming\IDM\"
2012-10-19 14:12:50 --> Window Created: IDM Backup Manager0.9.3(Beta) With Error Code: 0

============================= New Session Started at 2012-10-19 14:15:53 --> =============================

============================= System Information =============================
Module Name and Version: IDM Backup Manager0.9.3(Beta)
Module Path: C:\Users\Tejas\desktop\project\IDM\IDM BUILD_3\IDM Backup Manager.au3
OS Type: WIN32_NT
OS Version: WIN_7
Service Package: Service Pack 1
Total Memory: 1302072
Available Memory: 561624

============================= Variable Assignment =============================
2012-10-19 14:15:54 --> Internet Download Manager Is Running Now...User Selected No
2012-10-19 14:15:55 --> $AppDataIDMFolder = "C:\Users\Tejas\AppData\Roaming\IDM\"  Error Code:0
2012-10-19 14:15:55 --> $TempPath = "C:\Users\Tejas\AppData\Roaming\IDM\"  Error Code:0
2012-10-19 14:15:55 --> Finilized Path $AppDataIDMFolder= "C:\Users\Tejas\AppData\Roaming\IDM\"
2012-10-19 14:15:55 --> Finilized Path $TempPath= "C:\Users\Tejas\AppData\Roaming\IDM\"
2012-10-19 14:15:55 --> $AppDataIDMFolder = "C:\Users\Tejas\AppData\Roaming\IDM\"  Error Code:0
2012-10-19 14:15:55 --> $TempPath = "C:\Users\Tejas\AppData\Roaming\IDM\"  Error Code:0
2012-10-19 14:15:55 --> Finilized Path $AppDataIDMFolder= "C:\Users\Tejas\AppData\Roaming\IDM\"
2012-10-19 14:15:55 --> Finilized Path $TempPath= "C:\Users\Tejas\AppData\Roaming\IDM\"
2012-10-19 14:15:55 --> Window Created: IDM Backup Manager0.9.3(Beta) With Error Code: 0

============================= New Session Started at 2012-10-19 17:47:28 --> =============================

============================= System Information =============================
Module Name and Version: IDM Backup Manager0.9.3(Beta)
Module Path: C:\Users\Tejas\desktop\project\IDM\IDM BUILD_3\IDM Backup Manager.exe
OS Type: WIN32_NT
OS Version: WIN_7
Service Package: Service Pack 1
Total Memory: 1302072
Available Memory: 554704

============================= Variable Assignment =============================
2012-10-19 17:47:29 --> Internet Download Manager Is Running Now...User Selected No
2012-10-19 17:47:29 --> $AppDataIDMFolder = "C:\Users\Tejas\AppData\Roaming\IDM\"  Error Code:0
2012-10-19 17:47:29 --> $TempPath = "C:\Users\Tejas\AppData\Roaming\IDM\"  Error Code:0
2012-10-19 17:47:29 --> Finilized Path $AppDataIDMFolder= "C:\Users\Tejas\AppData\Roaming\IDM\"
2012-10-19 17:47:29 --> Finilized Path $TempPath= "C:\Users\Tejas\AppData\Roaming\IDM\"
2012-10-19 17:47:29 --> $AppDataIDMFolder = "C:\Users\Tejas\AppData\Roaming\IDM\"  Error Code:0
2012-10-19 17:47:29 --> $TempPath = "C:\Users\Tejas\AppData\Roaming\IDM\"  Error Code:0
2012-10-19 17:47:29 --> Finilized Path $AppDataIDMFolder= "C:\Users\Tejas\AppData\Roaming\IDM\"
2012-10-19 17:47:29 --> Finilized Path $TempPath= "C:\Users\Tejas\AppData\Roaming\IDM\"
2012-10-19 17:47:30 --> Window Created: IDM Backup Manager0.9.3(Beta) With Error Code: 0

============================= New Session Started at 2012-10-19 17:48:10 --> =============================

============================= System Information =============================
Module Name and Version: IDM Backup Manager0.9.3(Beta)
Module Path: C:\Users\Tejas\desktop\project\IDM\IDM BUILD_3\IDM Backup Manager.exe
OS Type: WIN32_NT
OS Version: WIN_7
Service Package: Service Pack 1
Total Memory: 1302072
Available Memory: 498628

============================= Variable Assignment =============================
2012-10-19 17:48:11 --> Internet Download Manager Is Running Now...User Selected No
2012-10-19 17:48:11 --> $AppDataIDMFolder = "C:\Users\Tejas\AppData\Roaming\IDM\"  Error Code:0
2012-10-19 17:48:11 --> $TempPath = "C:\Users\Tejas\AppData\Roaming\IDM\"  Error Code:0
2012-10-19 17:48:11 --> Finilized Path $AppDataIDMFolder= "C:\Users\Tejas\AppData\Roaming\IDM\"
2012-10-19 17:48:11 --> Finilized Path $TempPath= "C:\Users\Tejas\AppData\Roaming\IDM\"
2012-10-19 17:48:11 --> $AppDataIDMFolder = "C:\Users\Tejas\AppData\Roaming\IDM\"  Error Code:0
2012-10-19 17:48:11 --> $TempPath = "C:\Users\Tejas\AppData\Roaming\IDM\"  Error Code:0
2012-10-19 17:48:11 --> Finilized Path $AppDataIDMFolder= "C:\Users\Tejas\AppData\Roaming\IDM\"
2012-10-19 17:48:11 --> Finilized Path $TempPath= "C:\Users\Tejas\AppData\Roaming\IDM\"
2012-10-19 17:48:12 --> Window Created: IDM Backup Manager0.9.3(Beta) With Error Code: 0

============================= Backup Session Started =============================
2012-10-19 18:56:22 --> Password= "False"
2012-10-19 18:56:22 --> $ini_File= "C:\Users\Tejas\AppData\Local\Temp\idm_guest_Setting.ini"
2012-10-19 18:56:22 --> $reg_File= "C:\Users\Tejas\AppData\Local\Temp\IDMregistry.reg"
2012-10-19 18:56:22 --> User Selected Full Backup to  = "C:\Users\Tejas\Desktop\"
2012-10-19 18:56:59 --> Adding $TempPath = "C:\Users\Tejas\AppData\Roaming\IDM\" Error Code:Done
2012-10-19 18:57:11 --> Adding $reg_File = "C:\Users\Tejas\AppData\Local\Temp\IDMregistry.reg" Error Code:Done
2012-10-19 18:57:22 --> Adding $ini_File = "C:\Users\Tejas\AppData\Local\Temp\idm_guest_Setting.ini" Error Code:Done
============================= Backup Session Ended =============================

============================= New Session Started at 2012-10-19 20:42:45 --> =============================

============================= System Information =============================
Module Name and Version: IDM Backup Manager0.9.3(Beta)
Module Path: C:\Users\Tejas\desktop\project\IDM\IDM BUILD_3\IDM Backup Manager.exe
OS Type: WIN32_NT
OS Version: WIN_7
Service Package: Service Pack 1
Total Memory: 1302072
Available Memory: 573680

============================= Variable Assignment =============================
2012-10-19 20:42:46 --> Internet Download Manager Is Running Now...User Selected No
2012-10-19 20:42:46 --> $AppDataIDMFolder = "C:\Users\Tejas\AppData\Roaming\IDM\"  Error Code:0
2012-10-19 20:42:46 --> $TempPath = "C:\Users\Tejas\AppData\Roaming\IDM\"  Error Code:0
2012-10-19 20:42:46 --> Finilized Path $AppDataIDMFolder= "C:\Users\Tejas\AppData\Roaming\IDM\"
2012-10-19 20:42:46 --> Finilized Path $TempPath= "C:\Users\Tejas\AppData\Roaming\IDM\"
2012-10-19 20:42:46 --> $AppDataIDMFolder = "C:\Users\Tejas\AppData\Roaming\IDM\"  Error Code:0
2012-10-19 20:42:46 --> $TempPath = "C:\Users\Tejas\AppData\Roaming\IDM\"  Error Code:0
2012-10-19 20:42:46 --> Finilized Path $AppDataIDMFolder= "C:\Users\Tejas\AppData\Roaming\IDM\"
2012-10-19 20:42:46 --> Finilized Path $TempPath= "C:\Users\Tejas\AppData\Roaming\IDM\"
2012-10-19 20:42:47 --> Window Created: IDM Backup Manager0.9.3(Beta) With Error Code: 0

============================= New Session Started at 2012-10-19 22:51:40 --> =============================

============================= System Information =============================
Module Name and Version: IDM Backup Manager0.9.3(Beta)
Module Path: C:\Users\Tejas\desktop\project\IDM\IDM BUILD_3\IDM Backup Manager.exe
OS Type: WIN32_NT
OS Version: WIN_7
Service Package: Service Pack 1
Total Memory: 1302072
Available Memory: 856200

============================= Variable Assignment =============================
2012-10-19 22:51:41 --> Internet Download Manager Is Running Now...User Selected No
2012-10-19 22:51:42 --> $AppDataIDMFolder = "C:\Users\Tejas\AppData\Roaming\IDM\"  Error Code:0
2012-10-19 22:51:42 --> $TempPath = "C:\Users\Tejas\AppData\Roaming\IDM\"  Error Code:0
2012-10-19 22:51:42 --> Finilized Path $AppDataIDMFolder= "C:\Users\Tejas\AppData\Roaming\IDM\"
2012-10-19 22:51:42 --> Finilized Path $TempPath= "C:\Users\Tejas\AppData\Roaming\IDM\"
2012-10-19 22:51:42 --> $AppDataIDMFolder = "C:\Users\Tejas\AppData\Roaming\IDM\"  Error Code:0
2012-10-19 22:51:42 --> $TempPath = "C:\Users\Tejas\AppData\Roaming\IDM\"  Error Code:0
2012-10-19 22:51:42 --> Finilized Path $AppDataIDMFolder= "C:\Users\Tejas\AppData\Roaming\IDM\"
2012-10-19 22:51:42 --> Finilized Path $TempPath= "C:\Users\Tejas\AppData\Roaming\IDM\"
2012-10-19 22:51:42 --> Window Created: IDM Backup Manager0.9.3(Beta) With Error Code: 0

============================= New Session Started at 2012-10-19 22:53:26 --> =============================

============================= System Information =============================
Module Name and Version: IDM Backup Manager0.9.3(Beta)
Module Path: C:\Users\Tejas\desktop\project\IDM\IDM BUILD_3\IDM Backup Manager.exe
OS Type: WIN32_NT
OS Version: WIN_7
Service Package: Service Pack 1
Total Memory: 1302072
Available Memory: 852588

============================= Variable Assignment =============================
2012-10-19 22:53:27 --> Internet Download Manager Is Running Now...User Selected No
2012-10-19 22:53:28 --> $AppDataIDMFolder = "C:\Users\Tejas\AppData\Roaming\IDM\"  Error Code:0
2012-10-19 22:53:28 --> $TempPath = "C:\Users\Tejas\AppData\Roaming\IDM\"  Error Code:0
2012-10-19 22:53:28 --> Finilized Path $AppDataIDMFolder= "C:\Users\Tejas\AppData\Roaming\IDM\"
2012-10-19 22:53:28 --> Finilized Path $TempPath= "C:\Users\Tejas\AppData\Roaming\IDM\"
2012-10-19 22:53:28 --> $AppDataIDMFolder = "C:\Users\Tejas\AppData\Roaming\IDM\"  Error Code:0
2012-10-19 22:53:28 --> $TempPath = "C:\Users\Tejas\AppData\Roaming\IDM\"  Error Code:0
2012-10-19 22:53:28 --> Finilized Path $AppDataIDMFolder= "C:\Users\Tejas\AppData\Roaming\IDM\"
2012-10-19 22:53:28 --> Finilized Path $TempPath= "C:\Users\Tejas\AppData\Roaming\IDM\"
2012-10-19 22:53:28 --> Window Created: IDM Backup Manager0.9.3(Beta) With Error Code: 0

============================= New Session Started at 2012-10-19 22:54:54 --> =============================

============================= System Information =============================
Module Name and Version: IDM Backup Manager0.9.3(Beta)
Module Path: C:\Users\Tejas\desktop\project\IDM\IDM BUILD_3\IDM Backup Manager.exe
OS Type: WIN32_NT
OS Version: WIN_7
Service Package: Service Pack 1
Total Memory: 1302072
Available Memory: 854528

============================= Variable Assignment =============================
2012-10-19 22:54:55 --> Internet Download Manager Is Running Now...User Selected No
2012-10-19 22:54:55 --> $AppDataIDMFolder = "C:\Users\Tejas\AppData\Roaming\IDM\"  Error Code:0
2012-10-19 22:54:55 --> $TempPath = "C:\Users\Tejas\AppData\Roaming\IDM\"  Error Code:0
2012-10-19 22:54:55 --> Finilized Path $AppDataIDMFolder= "C:\Users\Tejas\AppData\Roaming\IDM\"
2012-10-19 22:54:55 --> Finilized Path $TempPath= "C:\Users\Tejas\AppData\Roaming\IDM\"
2012-10-19 22:54:55 --> $AppDataIDMFolder = "C:\Users\Tejas\AppData\Roaming\IDM\"  Error Code:0
2012-10-19 22:54:55 --> $TempPath = "C:\Users\Tejas\AppData\Roaming\IDM\"  Error Code:0
2012-10-19 22:54:55 --> Finilized Path $AppDataIDMFolder= "C:\Users\Tejas\AppData\Roaming\IDM\"
2012-10-19 22:54:55 --> Finilized Path $TempPath= "C:\Users\Tejas\AppData\Roaming\IDM\"
2012-10-19 22:54:56 --> Window Created: IDM Backup Manager0.9.3(Beta) With Error Code: 0

============================= New Session Started at 2012-10-19 22:55:45 --> =============================

============================= System Information =============================
Module Name and Version: IDM Backup Manager0.9.3(Beta)
Module Path: C:\Users\Tejas\desktop\project\IDM\IDM BUILD_3\IDM Backup Manager.exe
OS Type: WIN32_NT
OS Version: WIN_7
Service Package: Service Pack 1
Total Memory: 1302072
Available Memory: 854948

============================= Variable Assignment =============================
2012-10-19 22:55:45 --> Internet Download Manager Is Running Now...User Selected No
2012-10-19 22:55:46 --> $AppDataIDMFolder = "C:\Users\Tejas\AppData\Roaming\IDM\"  Error Code:0
2012-10-19 22:55:46 --> $TempPath = "C:\Users\Tejas\AppData\Roaming\IDM\"  Error Code:0
2012-10-19 22:55:46 --> Finilized Path $AppDataIDMFolder= "C:\Users\Tejas\AppData\Roaming\IDM\"
2012-10-19 22:55:46 --> Finilized Path $TempPath= "C:\Users\Tejas\AppData\Roaming\IDM\"
2012-10-19 22:55:46 --> $AppDataIDMFolder = "C:\Users\Tejas\AppData\Roaming\IDM\"  Error Code:0
2012-10-19 22:55:46 --> $TempPath = "C:\Users\Tejas\AppData\Roaming\IDM\"  Error Code:0
2012-10-19 22:55:46 --> Finilized Path $AppDataIDMFolder= "C:\Users\Tejas\AppData\Roaming\IDM\"
2012-10-19 22:55:46 --> Finilized Path $TempPath= "C:\Users\Tejas\AppData\Roaming\IDM\"
2012-10-19 22:55:46 --> Window Created: IDM Backup Manager0.9.3(Beta) With Error Code: 0

============================= New Session Started at 2012-10-20 10:32:06 --> =============================

============================= System Information =============================
Module Name and Version: IDM Backup Manager0.9.3(Beta)
Module Path: C:\Users\Tejas\desktop\project\IDM\IDM BUILD_3\IDM Backup Manager.exe
OS Type: WIN32_NT
OS Version: WIN_7
Service Package: Service Pack 1
Total Memory: 1302072
Available Memory: 593360

============================= Variable Assignment =============================
2012-10-20 10:32:06 --> Internet Download Manager Is Running Now...User Selected No
2012-10-20 10:32:07 --> $AppDataIDMFolder = "C:\Users\Tejas\AppData\Roaming\IDM\"  Error Code:0
2012-10-20 10:32:07 --> $TempPath = "C:\Users\Tejas\AppData\Roaming\IDM\"  Error Code:0
2012-10-20 10:32:07 --> Finilized Path $AppDataIDMFolder= "C:\Users\Tejas\AppData\Roaming\IDM\"
2012-10-20 10:32:07 --> Finilized Path $TempPath= "C:\Users\Tejas\AppData\Roaming\IDM\"
2012-10-20 10:32:07 --> $AppDataIDMFolder = "C:\Users\Tejas\AppData\Roaming\IDM\"  Error Code:0
2012-10-20 10:32:07 --> $TempPath = "C:\Users\Tejas\AppData\Roaming\IDM\"  Error Code:0
2012-10-20 10:32:07 --> Finilized Path $AppDataIDMFolder= "C:\Users\Tejas\AppData\Roaming\IDM\"
2012-10-20 10:32:07 --> Finilized Path $TempPath= "C:\Users\Tejas\AppData\Roaming\IDM\"
2012-10-20 10:32:07 --> Window Created: IDM Backup Manager0.9.3(Beta) With Error Code: 0

============================= New Session Started at 2012-10-20 10:32:29 --> =============================

============================= System Information =============================
Module Name and Version: IDM Backup Manager0.9.3(Beta)
Module Path: C:\Users\Tejas\desktop\project\IDM\IDM BUILD_3\IDM Backup Manager.exe
OS Type: WIN32_NT
OS Version: WIN_7
Service Package: Service Pack 1
Total Memory: 1302072
Available Memory: 587992

============================= Variable Assignment =============================
2012-10-20 10:32:29 --> Internet Download Manager Is Running Now...User Selected No
2012-10-20 10:32:30 --> $AppDataIDMFolder = "C:\Users\Tejas\AppData\Roaming\IDM\"  Error Code:0
2012-10-20 10:32:30 --> $TempPath = "C:\Users\Tejas\AppData\Roaming\IDM\"  Error Code:0
2012-10-20 10:32:30 --> Finilized Path $AppDataIDMFolder= "C:\Users\Tejas\AppData\Roaming\IDM\"
2012-10-20 10:32:30 --> Finilized Path $TempPath= "C:\Users\Tejas\AppData\Roaming\IDM\"
2012-10-20 10:32:30 --> $AppDataIDMFolder = "C:\Users\Tejas\AppData\Roaming\IDM\"  Error Code:0
2012-10-20 10:32:30 --> $TempPath = "C:\Users\Tejas\AppData\Roaming\IDM\"  Error Code:0
2012-10-20 10:32:30 --> Finilized Path $AppDataIDMFolder= "C:\Users\Tejas\AppData\Roaming\IDM\"
2012-10-20 10:32:30 --> Finilized Path $TempPath= "C:\Users\Tejas\AppData\Roaming\IDM\"
2012-10-20 10:32:30 --> Window Created: IDM Backup Manager0.9.3(Beta) With Error Code: 0

============================= New Session Started at 2012-10-20 10:36:10 --> =============================

============================= System Information =============================
Module Name and Version: IDM Backup Manager0.9.3(Beta)
Module Path: C:\Users\Tejas\desktop\project\IDM\IDM BUILD_3\IDM Backup Manager.exe
OS Type: WIN32_NT
OS Version: WIN_7
Service Package: Service Pack 1
Total Memory: 1302072
Available Memory: 522988

============================= Variable Assignment =============================
2012-10-20 10:36:11 --> Internet Download Manager Is Running Now...User Selected No
2012-10-20 10:36:11 --> $AppDataIDMFolder = "C:\Users\Tejas\AppData\Roaming\IDM\"  Error Code:0
2012-10-20 10:36:11 --> $TempPath = "C:\Users\Tejas\AppData\Roaming\IDM\"  Error Code:0
2012-10-20 10:36:11 --> Finilized Path $AppDataIDMFolder= "C:\Users\Tejas\AppData\Roaming\IDM\"
2012-10-20 10:36:11 --> Finilized Path $TempPath= "C:\Users\Tejas\AppData\Roaming\IDM\"
2012-10-20 10:36:11 --> $AppDataIDMFolder = "C:\Users\Tejas\AppData\Roaming\IDM\"  Error Code:0
2012-10-20 10:36:11 --> $TempPath = "C:\Users\Tejas\AppData\Roaming\IDM\"  Error Code:0
2012-10-20 10:36:11 --> Finilized Path $AppDataIDMFolder= "C:\Users\Tejas\AppData\Roaming\IDM\"
2012-10-20 10:36:11 --> Finilized Path $TempPath= "C:\Users\Tejas\AppData\Roaming\IDM\"
2012-10-20 10:36:11 --> Window Created: IDM Backup Manager0.9.3(Beta) With Error Code: 0

============================= New Session Started at 2012-10-20 10:37:51 --> =============================

============================= System Information =============================
Module Name and Version: IDM Backup Manager0.9.3(Beta)
Module Path: C:\Users\Tejas\desktop\project\IDM\IDM BUILD_3\IDM Backup Manager.exe
OS Type: WIN32_NT
OS Version: WIN_7
Service Package: Service Pack 1
Total Memory: 1302072
Available Memory: 499228

============================= Variable Assignment =============================
2012-10-20 10:37:52 --> Internet Download Manager Is Running Now...User Selected No
2012-10-20 10:37:53 --> $AppDataIDMFolder = "C:\Users\Tejas\AppData\Roaming\IDM\"  Error Code:0
2012-10-20 10:37:53 --> $TempPath = "C:\Users\Tejas\AppData\Roaming\IDM\"  Error Code:0
2012-10-20 10:37:53 --> Finilized Path $AppDataIDMFolder= "C:\Users\Tejas\AppData\Roaming\IDM\"
2012-10-20 10:37:53 --> Finilized Path $TempPath= "C:\Users\Tejas\AppData\Roaming\IDM\"
2012-10-20 10:37:53 --> $AppDataIDMFolder = "C:\Users\Tejas\AppData\Roaming\IDM\"  Error Code:0
2012-10-20 10:37:53 --> $TempPath = "C:\Users\Tejas\AppData\Roaming\IDM\"  Error Code:0
2012-10-20 10:37:53 --> Finilized Path $AppDataIDMFolder= "C:\Users\Tejas\AppData\Roaming\IDM\"
2012-10-20 10:37:53 --> Finilized Path $TempPath= "C:\Users\Tejas\AppData\Roaming\IDM\"
2012-10-20 10:37:53 --> Window Created: IDM Backup Manager0.9.3(Beta) With Error Code: 0

============================= New Session Started at 2012-10-20 11:18:05 --> =============================

============================= System Information =============================
Module Name and Version: IDM Backup Manager0.9.3(Beta)
Module Path: C:\Users\Tejas\desktop\project\IDM\IDM BUILD_3\IDM Backup Manager.exe
OS Type: WIN32_NT
OS Version: WIN_7
Service Package: Service Pack 1
Total Memory: 1302072
Available Memory: 729064

============================= Variable Assignment =============================
2012-10-20 11:18:06 --> Internet Download Manager Is Running Now...User Selected No
2012-10-20 11:18:06 --> $AppDataIDMFolder = "C:\Users\Tejas\AppData\Roaming\IDM\"  Error Code:0
2012-10-20 11:18:06 --> $TempPath = "C:\Users\Tejas\AppData\Roaming\IDM\"  Error Code:0
2012-10-20 11:18:06 --> Finilized Path $AppDataIDMFolder= "C:\Users\Tejas\AppData\Roaming\IDM\"
2012-10-20 11:18:06 --> Finilized Path $TempPath= "C:\Users\Tejas\AppData\Roaming\IDM\"
2012-10-20 11:18:06 --> $AppDataIDMFolder = "C:\Users\Tejas\AppData\Roaming\IDM\"  Error Code:0
2012-10-20 11:18:06 --> $TempPath = "C:\Users\Tejas\AppData\Roaming\IDM\"  Error Code:0
2012-10-20 11:18:06 --> Finilized Path $AppDataIDMFolder= "C:\Users\Tejas\AppData\Roaming\IDM\"
2012-10-20 11:18:06 --> Finilized Path $TempPath= "C:\Users\Tejas\AppData\Roaming\IDM\"
2012-10-20 11:18:07 --> Window Created: IDM Backup Manager0.9.3(Beta) With Error Code: 0

============================= New Session Started at 2012-10-20 11:18:19 --> =============================

============================= System Information =============================
Module Name and Version: IDM Backup Manager0.9.3(Beta)
Module Path: C:\Users\Tejas\desktop\project\IDM\IDM BUILD_3\IDM Backup Manager.exe
OS Type: WIN32_NT
OS Version: WIN_7
Service Package: Service Pack 1
Total Memory: 1302072
Available Memory: 726464

============================= Variable Assignment =============================
2012-10-20 11:18:20 --> Internet Download Manager Is Running Now...User Selected No
2012-10-20 11:18:20 --> $AppDataIDMFolder = "C:\Users\Tejas\AppData\Roaming\IDM\"  Error Code:0
2012-10-20 11:18:20 --> $TempPath = "C:\Users\Tejas\AppData\Roaming\IDM\"  Error Code:0
2012-10-20 11:18:20 --> Finilized Path $AppDataIDMFolder= "C:\Users\Tejas\AppData\Roaming\IDM\"
2012-10-20 11:18:20 --> Finilized Path $TempPath= "C:\Users\Tejas\AppData\Roaming\IDM\"
2012-10-20 11:18:20 --> $AppDataIDMFolder = "C:\Users\Tejas\AppData\Roaming\IDM\"  Error Code:0
2012-10-20 11:18:20 --> $TempPath = "C:\Users\Tejas\AppData\Roaming\IDM\"  Error Code:0
2012-10-20 11:18:20 --> Finilized Path $AppDataIDMFolder= "C:\Users\Tejas\AppData\Roaming\IDM\"
2012-10-20 11:18:20 --> Finilized Path $TempPath= "C:\Users\Tejas\AppData\Roaming\IDM\"
2012-10-20 11:18:21 --> Window Created: IDM Backup Manager0.9.3(Beta) With Error Code: 0

============================= New Session Started at 2012-10-20 11:19:24 --> =============================

============================= System Information =============================
Module Name and Version: IDM Backup Manager0.9.3(Beta)
Module Path: C:\Users\Tejas\desktop\project\IDM\IDM BUILD_3\IDM Backup Manager.exe
OS Type: WIN32_NT
OS Version: WIN_7
Service Package: Service Pack 1
Total Memory: 1302072
Available Memory: 732292

============================= Variable Assignment =============================
2012-10-20 11:19:25 --> Internet Download Manager Is Running Now...User Selected No
2012-10-20 11:19:25 --> $AppDataIDMFolder = "C:\Users\Tejas\AppData\Roaming\IDM\"  Error Code:0
2012-10-20 11:19:25 --> $TempPath = "C:\Users\Tejas\AppData\Roaming\IDM\"  Error Code:0
2012-10-20 11:19:25 --> Finilized Path $AppDataIDMFolder= "C:\Users\Tejas\AppData\Roaming\IDM\"
2012-10-20 11:19:25 --> Finilized Path $TempPath= "C:\Users\Tejas\AppData\Roaming\IDM\"
2012-10-20 11:19:25 --> $AppDataIDMFolder = "C:\Users\Tejas\AppData\Roaming\IDM\"  Error Code:0
2012-10-20 11:19:25 --> $TempPath = "C:\Users\Tejas\AppData\Roaming\IDM\"  Error Code:0
2012-10-20 11:19:25 --> Finilized Path $AppDataIDMFolder= "C:\Users\Tejas\AppData\Roaming\IDM\"
2012-10-20 11:19:25 --> Finilized Path $TempPath= "C:\Users\Tejas\AppData\Roaming\IDM\"
2012-10-20 11:19:26 --> Window Created: IDM Backup Manager0.9.3(Beta) With Error Code: 0

============================= New Session Started at 2012-10-20 11:21:25 --> =============================

============================= System Information =============================
Module Name and Version: IDM Backup Manager0.9.3(Beta)
Module Path: C:\Users\Tejas\desktop\project\IDM\IDM BUILD_3\IDM Backup Manager.exe
OS Type: WIN32_NT
OS Version: WIN_7
Service Package: Service Pack 1
Total Memory: 1302072
Available Memory: 731016

============================= Variable Assignment =============================
2012-10-20 11:21:26 --> Internet Download Manager Is Running Now...User Selected No
2012-10-20 11:21:26 --> $AppDataIDMFolder = "C:\Users\Tejas\AppData\Roaming\IDM\"  Error Code:0
2012-10-20 11:21:26 --> $TempPath = "C:\Users\Tejas\AppData\Roaming\IDM\"  Error Code:0
2012-10-20 11:21:26 --> Finilized Path $AppDataIDMFolder= "C:\Users\Tejas\AppData\Roaming\IDM\"
2012-10-20 11:21:26 --> Finilized Path $TempPath= "C:\Users\Tejas\AppData\Roaming\IDM\"
2012-10-20 11:21:26 --> $AppDataIDMFolder = "C:\Users\Tejas\AppData\Roaming\IDM\"  Error Code:0
2012-10-20 11:21:26 --> $TempPath = "C:\Users\Tejas\AppData\Roaming\IDM\"  Error Code:0
2012-10-20 11:21:26 --> Finilized Path $AppDataIDMFolder= "C:\Users\Tejas\AppData\Roaming\IDM\"
2012-10-20 11:21:26 --> Finilized Path $TempPath= "C:\Users\Tejas\AppData\Roaming\IDM\"
2012-10-20 11:21:27 --> Window Created: IDM Backup Manager0.9.3(Beta) With Error Code: 0

============================= New Session Started at 2012-10-20 11:24:42 --> =============================

============================= System Information =============================
Module Name and Version: IDM Backup Manager0.9.3(Beta)
Module Path: C:\Users\Tejas\desktop\project\IDM\IDM BUILD_3\IDM Backup Manager.exe
OS Type: WIN32_NT
OS Version: WIN_7
Service Package: Service Pack 1
Total Memory: 1302072
Available Memory: 731012

============================= Variable Assignment =============================
2012-10-20 11:24:43 --> Internet Download Manager Is Running Now...User Selected No
2012-10-20 11:24:44 --> $AppDataIDMFolder = "C:\Users\Tejas\AppData\Roaming\IDM\"  Error Code:0
2012-10-20 11:24:44 --> $TempPath = "C:\Users\Tejas\AppData\Roaming\IDM\"  Error Code:0
2012-10-20 11:24:44 --> Finilized Path $AppDataIDMFolder= "C:\Users\Tejas\AppData\Roaming\IDM\"
2012-10-20 11:24:44 --> Finilized Path $TempPath= "C:\Users\Tejas\AppData\Roaming\IDM\"
2012-10-20 11:24:44 --> $AppDataIDMFolder = "C:\Users\Tejas\AppData\Roaming\IDM\"  Error Code:0
2012-10-20 11:24:44 --> $TempPath = "C:\Users\Tejas\AppData\Roaming\IDM\"  Error Code:0
2012-10-20 11:24:44 --> Finilized Path $AppDataIDMFolder= "C:\Users\Tejas\AppData\Roaming\IDM\"
2012-10-20 11:24:44 --> Finilized Path $TempPath= "C:\Users\Tejas\AppData\Roaming\IDM\"
2012-10-20 11:24:44 --> Window Created: IDM Backup Manager0.9.3(Beta) With Error Code: 0

============================= New Session Started at 2012-10-20 11:51:38 --> =============================

============================= System Information =============================
Module Name and Version: IDM Backup Manager0.9.3(Beta)
Module Path: C:\Users\Tejas\desktop\project\IDM\IDM BUILD_3\IDM Backup Manager.au3
OS Type: WIN32_NT
OS Version: WIN_7
Service Package: Service Pack 1
Total Memory: 1302072
Available Memory: 730668

============================= Variable Assignment =============================
2012-10-20 11:51:39 --> Internet Download Manager Is Running Now...User Selected No
2012-10-20 11:51:39 --> $AppDataIDMFolder = "C:\Users\Tejas\AppData\Roaming\IDM\"  Error Code:0
2012-10-20 11:51:39 --> $TempPath = "C:\Users\Tejas\AppData\Roaming\IDM\"  Error Code:0
2012-10-20 11:51:39 --> Finilized Path $AppDataIDMFolder= "C:\Users\Tejas\AppData\Roaming\IDM\"
2012-10-20 11:51:39 --> Finilized Path $TempPath= "C:\Users\Tejas\AppData\Roaming\IDM\"
2012-10-20 11:51:39 --> $AppDataIDMFolder = "C:\Users\Tejas\AppData\Roaming\IDM\"  Error Code:0
2012-10-20 11:51:39 --> $TempPath = "C:\Users\Tejas\AppData\Roaming\IDM\"  Error Code:0
2012-10-20 11:51:39 --> Finilized Path $AppDataIDMFolder= "C:\Users\Tejas\AppData\Roaming\IDM\"
2012-10-20 11:51:39 --> Finilized Path $TempPath= "C:\Users\Tejas\AppData\Roaming\IDM\"
2012-10-20 11:51:40 --> Window Created: IDM Backup Manager0.9.3(Beta) With Error Code: 0

============================= New Session Started at 2012-10-20 11:52:47 --> =============================

============================= System Information =============================
Module Name and Version: IDM Backup Manager0.9.3(Beta)
Module Path: C:\Users\Tejas\desktop\project\IDM\IDM BUILD_3\IDM Backup Manager.au3
OS Type: WIN32_NT
OS Version: WIN_7
Service Package: Service Pack 1
Total Memory: 1302072
Available Memory: 730436

============================= Variable Assignment =============================
7z.exe not found. Exiting....

============================= New Session Started at 2012-10-20 12:04:17 --> =============================

============================= System Information =============================
Module Name and Version: IDM Backup Manager0.9.3(Beta)
Module Path: C:\Users\Tejas\desktop\project\IDM\IDM BUILD_3\IDM Backup Manager.au3
OS Type: WIN32_NT
OS Version: WIN_7
Service Package: Service Pack 1
Total Memory: 1302072
Available Memory: 751160

============================= Variable Assignment =============================
2012-10-20 12:04:18 --> Internet Download Manager Is Running Now...User Selected No
2012-10-20 12:04:19 --> $AppDataIDMFolder = "C:\Users\Tejas\AppData\Roaming\IDM\"  Error Code:0
2012-10-20 12:04:19 --> $TempPath = "C:\Users\Tejas\AppData\Roaming\IDM\"  Error Code:0
2012-10-20 12:04:19 --> Finilized Path $AppDataIDMFolder= "C:\Users\Tejas\AppData\Roaming\IDM\"
2012-10-20 12:04:19 --> Finilized Path $TempPath= "C:\Users\Tejas\AppData\Roaming\IDM\"
2012-10-20 12:04:19 --> $AppDataIDMFolder = "C:\Users\Tejas\AppData\Roaming\IDM\"  Error Code:0
2012-10-20 12:04:19 --> $TempPath = "C:\Users\Tejas\AppData\Roaming\IDM\"  Error Code:0
2012-10-20 12:04:19 --> Finilized Path $AppDataIDMFolder= "C:\Users\Tejas\AppData\Roaming\IDM\"
2012-10-20 12:04:19 --> Finilized Path $TempPath= "C:\Users\Tejas\AppData\Roaming\IDM\"
2012-10-20 12:04:19 --> Window Created: IDM Backup Manager0.9.3(Beta) With Error Code: 0

============================= New Session Started at 2012-10-20 12:10:43 --> =============================

============================= System Information =============================
Module Name and Version: IDM Backup Manager0.9.3(Beta)
Module Path: C:\Users\Tejas\desktop\project\IDM\IDM BUILD_3\IDM Backup Manager.au3
OS Type: WIN32_NT
OS Version: WIN_7
Service Package: Service Pack 1
Total Memory: 1302072
Available Memory: 759500

============================= Variable Assignment =============================
2012-10-20 12:10:44 --> Internet Download Manager Is Running Now...User Selected No
2012-10-20 12:10:44 --> $AppDataIDMFolder = "C:\Users\Tejas\AppData\Roaming\IDM\"  Error Code:0
2012-10-20 12:10:44 --> $TempPath = "C:\Users\Tejas\AppData\Roaming\IDM\"  Error Code:0
2012-10-20 12:10:44 --> Finilized Path $AppDataIDMFolder= "C:\Users\Tejas\AppData\Roaming\IDM\"
2012-10-20 12:10:44 --> Finilized Path $TempPath= "C:\Users\Tejas\AppData\Roaming\IDM\"
2012-10-20 12:10:44 --> $AppDataIDMFolder = "C:\Users\Tejas\AppData\Roaming\IDM\"  Error Code:0
2012-10-20 12:10:44 --> $TempPath = "C:\Users\Tejas\AppData\Roaming\IDM\"  Error Code:0
2012-10-20 12:10:44 --> Finilized Path $AppDataIDMFolder= "C:\Users\Tejas\AppData\Roaming\IDM\"
2012-10-20 12:10:44 --> Finilized Path $TempPath= "C:\Users\Tejas\AppData\Roaming\IDM\"
2012-10-20 12:10:45 --> Window Created: IDM Backup Manager0.9.3(Beta) With Error Code: 0

============================= New Session Started at 2012-10-20 12:13:02 --> =============================

============================= System Information =============================
Module Name and Version: IDM Backup Manager0.9.3(Beta)
Module Path: C:\Users\Tejas\desktop\project\IDM\IDM BUILD_3\IDM Backup Manager.au3
OS Type: WIN32_NT
OS Version: WIN_7
Service Package: Service Pack 1
Total Memory: 1302072
Available Memory: 734308

============================= Variable Assignment =============================
2012-10-20 12:13:03 --> Internet Download Manager Is Running Now...User Selected No
2012-10-20 12:13:04 --> $AppDataIDMFolder = "C:\Users\Tejas\AppData\Roaming\IDM\"  Error Code:0
2012-10-20 12:13:04 --> $TempPath = "C:\Users\Tejas\AppData\Roaming\IDM\"  Error Code:0
2012-10-20 12:13:04 --> Finilized Path $AppDataIDMFolder= "C:\Users\Tejas\AppData\Roaming\IDM\"
2012-10-20 12:13:04 --> Finilized Path $TempPath= "C:\Users\Tejas\AppData\Roaming\IDM\"
2012-10-20 12:13:04 --> $AppDataIDMFolder = "C:\Users\Tejas\AppData\Roaming\IDM\"  Error Code:0
2012-10-20 12:13:04 --> $TempPath = "C:\Users\Tejas\AppData\Roaming\IDM\"  Error Code:0
2012-10-20 12:13:04 --> Finilized Path $AppDataIDMFolder= "C:\Users\Tejas\AppData\Roaming\IDM\"
2012-10-20 12:13:04 --> Finilized Path $TempPath= "C:\Users\Tejas\AppData\Roaming\IDM\"
2012-10-20 12:13:04 --> Window Created: IDM Backup Manager0.9.3(Beta) With Error Code: 0

============================= New Session Started at 2012-10-20 12:14:53 --> =============================

============================= System Information =============================
Module Name and Version: IDM Backup Manager0.9.3(Beta)
Module Path: C:\Users\Tejas\desktop\project\IDM\IDM BUILD_3\IDM Backup Manager.au3
OS Type: WIN32_NT
OS Version: WIN_7
Service Package: Service Pack 1
Total Memory: 1302072
Available Memory: 762920

============================= Variable Assignment =============================
2012-10-20 12:14:53 --> Internet Download Manager Is Running Now...User Selected No
2012-10-20 12:14:54 --> $AppDataIDMFolder = "C:\Users\Tejas\AppData\Roaming\IDM\"  Error Code:0
2012-10-20 12:14:54 --> $TempPath = "C:\Users\Tejas\AppData\Roaming\IDM\"  Error Code:0
2012-10-20 12:14:54 --> Finilized Path $AppDataIDMFolder= "C:\Users\Tejas\AppData\Roaming\IDM\"
2012-10-20 12:14:54 --> Finilized Path $TempPath= "C:\Users\Tejas\AppData\Roaming\IDM\"
2012-10-20 12:14:54 --> $AppDataIDMFolder = "C:\Users\Tejas\AppData\Roaming\IDM\"  Error Code:0
2012-10-20 12:14:54 --> $TempPath = "C:\Users\Tejas\AppData\Roaming\IDM\"  Error Code:0
2012-10-20 12:14:54 --> Finilized Path $AppDataIDMFolder= "C:\Users\Tejas\AppData\Roaming\IDM\"
2012-10-20 12:14:54 --> Finilized Path $TempPath= "C:\Users\Tejas\AppData\Roaming\IDM\"
2012-10-20 12:14:54 --> Window Created: IDM Backup Manager0.9.3(Beta) With Error Code: 0

============================= New Session Started at 2012-10-20 12:17:48 --> =============================

============================= System Information =============================
Module Name and Version: IDM Backup Manager0.9.3(Beta)
Module Path: C:\Users\Tejas\desktop\project\IDM\IDM BUILD_3\IDM Backup Manager.au3
OS Type: WIN32_NT
OS Version: WIN_7
Service Package: Service Pack 1
Total Memory: 1302072
Available Memory: 766636

============================= Variable Assignment =============================
2012-10-20 12:17:48 --> Internet Download Manager Is Running Now...User Selected No
2012-10-20 12:17:49 --> $AppDataIDMFolder = "C:\Users\Tejas\AppData\Roaming\IDM\"  Error Code:0
2012-10-20 12:17:49 --> $TempPath = "C:\Users\Tejas\AppData\Roaming\IDM\"  Error Code:0
2012-10-20 12:17:49 --> Finilized Path $AppDataIDMFolder= "C:\Users\Tejas\AppData\Roaming\IDM\"
2012-10-20 12:17:49 --> Finilized Path $TempPath= "C:\Users\Tejas\AppData\Roaming\IDM\"
2012-10-20 12:17:49 --> $AppDataIDMFolder = "C:\Users\Tejas\AppData\Roaming\IDM\"  Error Code:0
2012-10-20 12:17:49 --> $TempPath = "C:\Users\Tejas\AppData\Roaming\IDM\"  Error Code:0
2012-10-20 12:17:49 --> Finilized Path $AppDataIDMFolder= "C:\Users\Tejas\AppData\Roaming\IDM\"
2012-10-20 12:17:49 --> Finilized Path $TempPath= "C:\Users\Tejas\AppData\Roaming\IDM\"
2012-10-20 12:17:49 --> Window Created: IDM Backup Manager0.9.3(Beta) With Error Code: 0

============================= New Session Started at 2012-10-20 15:39:00 --> =============================

============================= System Information =============================
Module Name and Version: IDM Backup Manager0.9.3(Beta)
Module Path: C:\Users\Tejas\desktop\project\IDM\IDM BUILD_3\IDM Backup Manager.au3
OS Type: WIN32_NT
OS Version: WIN_7
Service Package: Service Pack 1
Total Memory: 1302072
Available Memory: 736656

============================= Variable Assignment =============================
2012-10-20 15:39:01 --> Internet Download Manager Is Running Now...User Selected No
2012-10-20 15:39:01 --> $AppDataIDMFolder = "C:\Users\Tejas\AppData\Roaming\IDM\"  Error Code:0
2012-10-20 15:39:01 --> $TempPath = "C:\Users\Tejas\AppData\Roaming\IDM\"  Error Code:0
2012-10-20 15:39:01 --> Finilized Path $AppDataIDMFolder= "C:\Users\Tejas\AppData\Roaming\IDM\"
2012-10-20 15:39:01 --> Finilized Path $TempPath= "C:\Users\Tejas\AppData\Roaming\IDM\"
2012-10-20 15:39:01 --> $AppDataIDMFolder = "C:\Users\Tejas\AppData\Roaming\IDM\"  Error Code:0
2012-10-20 15:39:01 --> $TempPath = "C:\Users\Tejas\AppData\Roaming\IDM\"  Error Code:0
2012-10-20 15:39:01 --> Finilized Path $AppDataIDMFolder= "C:\Users\Tejas\AppData\Roaming\IDM\"
2012-10-20 15:39:01 --> Finilized Path $TempPath= "C:\Users\Tejas\AppData\Roaming\IDM\"
2012-10-20 15:39:02 --> Window Created: IDM Backup Manager0.9.3(Beta) With Error Code: 0

============================= Backup Session Started =============================
2012-10-20 15:39:19 --> Password= "False"
2012-10-20 15:39:19 --> $ini_File= "C:\Users\Tejas\AppData\Local\Temp\idm_guest_Setting.ini"
2012-10-20 15:39:19 --> $reg_File= "C:\Users\Tejas\AppData\Local\Temp\IDMregistry.reg"
2012-10-20 15:39:19 --> User Selected Full Backup to  = "C:\Users\Tejas\Desktop\"
2012-10-20 15:39:59 --> Adding $TempPath = "C:\Users\Tejas\AppData\Roaming\IDM\" Error Code:Warning (Non fatal error(s)) For example, one or more files were locked by some other application, so they were not compressed.
2012-10-20 15:39:59 --> Adding $reg_File = "C:\Users\Tejas\AppData\Local\Temp\IDMregistry.reg" Error Code:Fatal Error
2012-10-20 15:39:59 --> Adding $ini_File = "C:\Users\Tejas\AppData\Local\Temp\idm_guest_Setting.ini" Error Code:Fatal Error
============================= Backup Session Ended =============================

============================= New Session Started at 2012-10-20 15:41:47 --> =============================

============================= System Information =============================
Module Name and Version: IDM Backup Manager0.9.3(Beta)
Module Path: C:\Users\Tejas\desktop\project\IDM\IDM BUILD_3\IDM Backup Manager.au3
OS Type: WIN32_NT
OS Version: WIN_7
Service Package: Service Pack 1
Total Memory: 1302072
Available Memory: 785660

============================= Variable Assignment =============================
2012-10-20 15:41:48 --> Internet Download Manager Is Running Now...User Selected No
2012-10-20 15:41:50 --> $AppDataIDMFolder = "C:\Users\Tejas\AppData\Roaming\IDM\"  Error Code:0
2012-10-20 15:41:50 --> $TempPath = "C:\Users\Tejas\AppData\Roaming\IDM\"  Error Code:0
2012-10-20 15:41:50 --> Finilized Path $AppDataIDMFolder= "C:\Users\Tejas\AppData\Roaming\IDM\"
2012-10-20 15:41:50 --> Finilized Path $TempPath= "C:\Users\Tejas\AppData\Roaming\IDM\"
2012-10-20 15:41:50 --> $AppDataIDMFolder = "C:\Users\Tejas\AppData\Roaming\IDM\"  Error Code:0
2012-10-20 15:41:50 --> $TempPath = "C:\Users\Tejas\AppData\Roaming\IDM\"  Error Code:0
2012-10-20 15:41:50 --> Finilized Path $AppDataIDMFolder= "C:\Users\Tejas\AppData\Roaming\IDM\"
2012-10-20 15:41:50 --> Finilized Path $TempPath= "C:\Users\Tejas\AppData\Roaming\IDM\"
2012-10-20 15:41:50 --> Window Created: IDM Backup Manager0.9.3(Beta) With Error Code: 0

============================= New Session Started at 2012-10-24 15:44:51 --> =============================

============================= System Information =============================
Module Name and Version: IDM Backup Manager0.9.3(Beta)
Module Path: C:\Users\Tejas\desktop\project\IDM\IDM BUILD_3\IDM Backup Manager.au3
OS Type: WIN32_NT
OS Version: WIN_7
Service Package: Service Pack 1
Total Memory: 1302072
Available Memory: 665884

============================= Variable Assignment =============================
2012-10-24 15:44:52 --> Internet Download Manager Is Running Now...User Selected No
2012-10-24 15:44:52 --> $AppDataIDMFolder = "C:\Users\Tejas\AppData\Roaming\IDM\"  Error Code:0
2012-10-24 15:44:52 --> $TempPath = "C:\Users\Tejas\AppData\Roaming\IDM\"  Error Code:0
2012-10-24 15:44:52 --> Finilized Path $AppDataIDMFolder= "C:\Users\Tejas\AppData\Roaming\IDM\"
2012-10-24 15:44:52 --> Finilized Path $TempPath= "C:\Users\Tejas\AppData\Roaming\IDM\"
2012-10-24 15:44:52 --> $AppDataIDMFolder = "C:\Users\Tejas\AppData\Roaming\IDM\"  Error Code:0
2012-10-24 15:44:52 --> $TempPath = "C:\Users\Tejas\AppData\Roaming\IDM\"  Error Code:0
2012-10-24 15:44:52 --> Finilized Path $AppDataIDMFolder= "C:\Users\Tejas\AppData\Roaming\IDM\"
2012-10-24 15:44:52 --> Finilized Path $TempPath= "C:\Users\Tejas\AppData\Roaming\IDM\"
2012-10-24 15:44:52 --> Window Created: IDM Backup Manager0.9.3(Beta) With Error Code: 0

============================= New Session Started at 2012-10-25 11:30:25 --> =============================

============================= System Information =============================
Module Name and Version: IDM Backup Manager0.9.3(Beta)
Module Path: C:\Users\Tejas\desktop\project\IDM\IDM BUILD_3\IDM Backup Manager.au3
OS Type: WIN32_NT
OS Version: WIN_7
Service Package: Service Pack 1
Total Memory: 1302072
Available Memory: 580748

============================= Variable Assignment =============================
2012-10-25 11:30:27 --> Internet Download Manager Is Running Now...User Selected No
2012-10-25 11:30:27 --> $AppDataIDMFolder = "C:\Users\Tejas\AppData\Roaming\IDM\"  Error Code:0
2012-10-25 11:30:27 --> $TempPath = "C:\Users\Tejas\AppData\Roaming\IDM\"  Error Code:0
2012-10-25 11:30:27 --> Finilized Path $AppDataIDMFolder= "C:\Users\Tejas\AppData\Roaming\IDM\"
2012-10-25 11:30:27 --> Finilized Path $TempPath= "C:\Users\Tejas\AppData\Roaming\IDM\"
2012-10-25 11:30:27 --> $AppDataIDMFolder = "C:\Users\Tejas\AppData\Roaming\IDM\"  Error Code:0
2012-10-25 11:30:27 --> $TempPath = "C:\Users\Tejas\AppData\Roaming\IDM\"  Error Code:0
2012-10-25 11:30:27 --> Finilized Path $AppDataIDMFolder= "C:\Users\Tejas\AppData\Roaming\IDM\"
2012-10-25 11:30:27 --> Finilized Path $TempPath= "C:\Users\Tejas\AppData\Roaming\IDM\"
2012-10-25 11:30:28 --> Window Created: IDM Backup Manager0.9.3(Beta) With Error Code: 0

============================= New Session Started at 2012-11-05 14:18:22 --> =============================

============================= System Information =============================
Module Name and Version: IDM Backup Manager0.9.3(Beta)
Module Path: C:\Users\Tejas\desktop\project\IDM\IDM BUILD_3\IDM Backup Manager.exe
OS Type: WIN32_NT
OS Version: WIN_7
Service Package: Service Pack 1
Total Memory: 1302072
Available Memory: 613272

============================= Variable Assignment =============================
2012-11-05 14:18:23 --> Internet Download Manager Is Running Now...User Selected No
2012-11-05 14:18:23 --> $AppDataIDMFolder = "C:\Users\Tejas\AppData\Roaming\IDM\"  Error Code:0
2012-11-05 14:18:23 --> $TempPath = "C:\Users\Tejas\AppData\Roaming\IDM\"  Error Code:0
2012-11-05 14:18:23 --> Finilized Path $AppDataIDMFolder= "C:\Users\Tejas\AppData\Roaming\IDM\"
2012-11-05 14:18:23 --> Finilized Path $TempPath= "C:\Users\Tejas\AppData\Roaming\IDM\"
2012-11-05 14:18:23 --> $AppDataIDMFolder = "C:\Users\Tejas\AppData\Roaming\IDM\"  Error Code:0
2012-11-05 14:18:23 --> $TempPath = "C:\Users\Tejas\AppData\Roaming\IDM\"  Error Code:0
2012-11-05 14:18:23 --> Finilized Path $AppDataIDMFolder= "C:\Users\Tejas\AppData\Roaming\IDM\"
2012-11-05 14:18:23 --> Finilized Path $TempPath= "C:\Users\Tejas\AppData\Roaming\IDM\"
2012-11-05 14:18:24 --> Window Created: IDM Backup Manager0.9.3(Beta) With Error Code: 0

============================= New Session Started at 2012-11-11 19:41:22 --> =============================

============================= System Information =============================
Module Name and Version: IDM Backup Manager0.9.3(Beta)
Module Path: C:\Users\Tejas\desktop\project\IDM\IDM BUILD_3\IDM Backup Manager.au3
OS Type: WIN32_NT
OS Version: WIN_7
Service Package: Service Pack 1
Total Memory: 1302072
Available Memory: 574428

============================= Variable Assignment =============================
2012-11-11 19:41:24 --> Internet Download Manager Is Running Now...User Selected No
2012-11-11 19:41:25 --> $AppDataIDMFolder = "C:\Users\Tejas\AppData\Roaming\IDM\"  Error Code:0
2012-11-11 19:41:25 --> $TempPath = "C:\Users\Tejas\AppData\Roaming\IDM\"  Error Code:0
2012-11-11 19:41:25 --> Finilized Path $AppDataIDMFolder= "C:\Users\Tejas\AppData\Roaming\IDM\"
2012-11-11 19:41:25 --> Finilized Path $TempPath= "C:\Users\Tejas\AppData\Roaming\IDM\"
2012-11-11 19:41:25 --> $AppDataIDMFolder = "C:\Users\Tejas\AppData\Roaming\IDM\"  Error Code:0
2012-11-11 19:41:25 --> $TempPath = "C:\Users\Tejas\AppData\Roaming\IDM\"  Error Code:0
2012-11-11 19:41:25 --> Finilized Path $AppDataIDMFolder= "C:\Users\Tejas\AppData\Roaming\IDM\"
2012-11-11 19:41:25 --> Finilized Path $TempPath= "C:\Users\Tejas\AppData\Roaming\IDM\"
2012-11-11 19:41:25 --> Window Created: IDM Backup Manager0.9.3(Beta) With Error Code: 0

============================= New Session Started at 2012-11-30 13:55:25 --> =============================

============================= System Information =============================
Module Name and Version: IDM Backup Manager0.9.3(Beta)
Module Path: C:\Users\Tejas\Desktop\project\IDM\IDM BUILD_3\IDM Backup Manager.exe
OS Type: WIN32_NT
OS Version: WIN_7
Service Package: Service Pack 1
Total Memory: 1302072
Available Memory: 819368

============================= Variable Assignment =============================
2012-11-30 13:55:25 --> Internet Download Manager Is Running Now...User Selected No
2012-11-30 13:55:26 --> $AppDataIDMFolder = "C:\Users\Tejas\AppData\Roaming\IDM\"  Error Code:0
2012-11-30 13:55:26 --> $TempPath = "C:\Users\Tejas\AppData\Roaming\IDM\"  Error Code:0
2012-11-30 13:55:26 --> Finilized Path $AppDataIDMFolder= "C:\Users\Tejas\AppData\Roaming\IDM\"
2012-11-30 13:55:26 --> Finilized Path $TempPath= "C:\Users\Tejas\AppData\Roaming\IDM\"
2012-11-30 13:55:26 --> $AppDataIDMFolder = "C:\Users\Tejas\AppData\Roaming\IDM\"  Error Code:0
2012-11-30 13:55:26 --> $TempPath = "C:\Users\Tejas\AppData\Roaming\IDM\"  Error Code:0
2012-11-30 13:55:26 --> Finilized Path $AppDataIDMFolder= "C:\Users\Tejas\AppData\Roaming\IDM\"
2012-11-30 13:55:26 --> Finilized Path $TempPath= "C:\Users\Tejas\AppData\Roaming\IDM\"
2012-11-30 13:55:26 --> Window Created: IDM Backup Manager0.9.3(Beta) With Error Code: 0

============================= Backup Session Started =============================
2012-11-30 13:55:31 --> Password= "False"
2012-11-30 13:55:31 --> $ini_File= "C:\Users\Tejas\AppData\Local\Temp\idm_guest_Setting.ini"
2012-11-30 13:55:31 --> $reg_File= "C:\Users\Tejas\AppData\Local\Temp\IDMregistry.reg"
2012-11-30 13:55:31 --> User Selected Custom Backup to  = "C:\Users\Tejas\Desktop\"
2012-11-30 13:57:00 --> Registry Backup Successful Total Key = "1528"
2012-11-30 13:57:01 --> Adding $reg_File = "C:\Users\Tejas\AppData\Local\Temp\IDMregistry.reg" Error Code:Done
2012-11-30 13:57:01 --> Adding $ini_File = "C:\Users\Tejas\AppData\Local\Temp\idm_guest_Setting.ini" Error Code:Done
============================= Backup Session Ended =============================

============================= New Session Started at 2012-11-30 13:58:53 --> =============================

============================= System Information =============================
Module Name and Version: IDM Backup Manager0.9.3(Beta)
Module Path: C:\Users\Tejas\Desktop\project\IDM\IDM BUILD_3\IDM Backup Manager.au3
OS Type: WIN32_NT
OS Version: WIN_7
Service Package: Service Pack 1
Total Memory: 1302072
Available Memory: 772276

============================= Variable Assignment =============================
2012-11-30 13:58:54 --> Internet Download Manager Is Running Now...User Selected No
2012-11-30 13:58:54 --> $AppDataIDMFolder = "C:\Users\Tejas\AppData\Roaming\IDM\"  Error Code:0
2012-11-30 13:58:54 --> $TempPath = "C:\Users\Tejas\AppData\Roaming\IDM\"  Error Code:0
2012-11-30 13:58:54 --> Finilized Path $AppDataIDMFolder= "C:\Users\Tejas\AppData\Roaming\IDM\"
2012-11-30 13:58:54 --> Finilized Path $TempPath= "C:\Users\Tejas\AppData\Roaming\IDM\"
2012-11-30 13:58:54 --> $AppDataIDMFolder = "C:\Users\Tejas\AppData\Roaming\IDM\"  Error Code:0
2012-11-30 13:58:54 --> $TempPath = "C:\Users\Tejas\AppData\Roaming\IDM\"  Error Code:0
2012-11-30 13:58:54 --> Finilized Path $AppDataIDMFolder= "C:\Users\Tejas\AppData\Roaming\IDM\"
2012-11-30 13:58:54 --> Finilized Path $TempPath= "C:\Users\Tejas\AppData\Roaming\IDM\"
2012-11-30 13:58:55 --> Window Created: IDM Backup Manager0.9.3(Beta) With Error Code: 0

============================= Backup Session Started =============================
2012-11-30 13:58:58 --> Password= "False"
2012-11-30 13:58:58 --> $ini_File= "C:\Users\Tejas\AppData\Local\Temp\idm_guest_Setting.ini"
2012-11-30 13:58:58 --> $reg_File= "C:\Users\Tejas\AppData\Local\Temp\IDMregistry.reg"
2012-11-30 13:58:58 --> User Selected Custom Backup to  = "C:\Users\Tejas\Desktop\"
2012-11-30 14:00:22 --> Registry Backup Successful Total Key = "1528"
2012-11-30 14:00:22 --> Adding $reg_File = "C:\Users\Tejas\AppData\Local\Temp\IDMregistry.reg" Error Code:Done
2012-11-30 14:00:22 --> Adding $ini_File = "C:\Users\Tejas\AppData\Local\Temp\idm_guest_Setting.ini" Error Code:Done
============================= Backup Session Ended =============================

============================= New Session Started at 2013-02-13 16:58:27 --> =============================

============================= System Information =============================
Module Name and Version: IDM Backup Manager0.9.3(Beta)
Module Path: C:\Users\Tejas\Desktop\project\IDM\IDM BUILD_3\IDM Backup Manager.exe
OS Type: WIN32_NT
OS Version: WIN_7
Service Package: 
Total Memory: 1302072
Available Memory: 842100

============================= Variable Assignment =============================
2013-02-13 16:58:27 --> Internet Download Manager Is Running Now...User Selected No
2013-02-13 16:58:27 --> $AppDataIDMFolder = "C:\Users\Tejas\AppData\Roaming\IDM\"  Error Code:0
2013-02-13 16:58:27 --> $TempPath = "C:\Users\Tejas\AppData\Roaming\IDM\"  Error Code:0
2013-02-13 16:58:27 --> Finilized Path $AppDataIDMFolder= "C:\Users\Tejas\AppData\Roaming\IDM\"
2013-02-13 16:58:27 --> Finilized Path $TempPath= "C:\Users\Tejas\AppData\Roaming\IDM\"
2013-02-13 16:58:27 --> $AppDataIDMFolder = "C:\Users\Tejas\AppData\Roaming\IDM\"  Error Code:0
2013-02-13 16:58:27 --> $TempPath = "C:\Users\Tejas\AppData\Roaming\IDM\"  Error Code:0
2013-02-13 16:58:27 --> Finilized Path $AppDataIDMFolder= "C:\Users\Tejas\AppData\Roaming\IDM\"
2013-02-13 16:58:27 --> Finilized Path $TempPath= "C:\Users\Tejas\AppData\Roaming\IDM\"
2013-02-13 16:58:28 --> Window Created: IDM Backup Manager0.9.3(Beta) With Error Code: 0

============================= New Session Started at 2015-01-04 19:47:59 --> =============================

============================= System Information =============================
Module Name and Version: IDM Backup Manager0.9.3(Beta)
Module Path: C:\Users\Tejas\Desktop\project\IDM\IDM BUILD_3\IDM Backup Manager.exe
OS Type: WIN32_NT
OS Version: WIN_7
Service Package: Service Pack 1
Total Memory: 2088376
Available Memory: 1485852

============================= Variable Assignment =============================
2015-01-04 19:48:00 --> Internet Download Manager Is Running Now...User Selected No
2015-01-04 19:48:00 --> $AppDataIDMFolder = "C:\Users\Tejas\AppData\Roaming\IDM\"  Error Code:0
2015-01-04 19:48:00 --> $TempPath = "C:\Users\Tejas\AppData\Roaming\IDM\"  Error Code:0
2015-01-04 19:48:00 --> Finilized Path $AppDataIDMFolder= "C:\Users\Tejas\AppData\Roaming\IDM\"
2015-01-04 19:48:00 --> Finilized Path $TempPath= "C:\Users\Tejas\AppData\Roaming\IDM\"
2015-01-04 19:48:00 --> $AppDataIDMFolder = "C:\Users\Tejas\AppData\Roaming\IDM\"  Error Code:0
2015-01-04 19:48:00 --> $TempPath = "C:\Users\Tejas\AppData\Roaming\IDM\"  Error Code:0
2015-01-04 19:48:00 --> Finilized Path $AppDataIDMFolder= "C:\Users\Tejas\AppData\Roaming\IDM\"
2015-01-04 19:48:00 --> Finilized Path $TempPath= "C:\Users\Tejas\AppData\Roaming\IDM\"
2015-01-04 19:48:00 --> Window Created: IDM Backup Manager0.9.3(Beta) With Error Code: 0

============================= New Session Started at 2015-08-05 21:18:39 --> =============================

============================= System Information =============================
Module Name and Version: IDM Backup Manager0.9.3(Beta)
Module Path: C:\Users\Tejas\Desktop\PROJECT\branches\project\IDM\IDM BUILD_3\IDM Backup Manager.exe
OS Type: WIN32_NT
OS Version: WIN_8
Service Package: 
Total Memory: 2096564
Available Memory: 1163580

============================= Variable Assignment =============================
@OSArch ="X64"	Exit Code:-1
