
============================= New Session Started at 2012-11-11 15:52:18 --> =============================

============================= System Information =============================
Module Name and Version: IDM Backup Manager0.9.4(Beta)
Module Path: C:\Users\Tejas\desktop\project\IDM\IDM BUILD_4\IDM Backup Manager.au3
OS Type: WIN32_NT
OS Version: WIN_7
Service Package: Service Pack 1
Total Memory: 1293880
Available Memory: 540364

============================= Variable Assignment =============================
2012-11-11 15:52:18 --> $AppDataIDMFolder = "C:\Users\Tejas\AppData\Roaming\IDM\"  Error Code:0
2012-11-11 15:52:18 --> $TempPath = "C:\Users\Tejas\AppData\Roaming\IDM\"  Error Code:0
2012-11-11 15:52:18 --> Finilized Path $AppDataIDMFolder= "C:\Users\Tejas\AppData\Roaming\IDM\"
2012-11-11 15:52:18 --> Finilized Path $TempPath= "C:\Users\Tejas\AppData\Roaming\IDM\"
2012-11-11 15:52:18 --> $AppDataIDMFolder = "C:\Users\Tejas\AppData\Roaming\IDM\"  Error Code:0
2012-11-11 15:52:18 --> $TempPath = "C:\Users\Tejas\AppData\Roaming\IDM\"  Error Code:0
2012-11-11 15:52:18 --> Finilized Path $AppDataIDMFolder= "C:\Users\Tejas\AppData\Roaming\IDM\"
2012-11-11 15:52:18 --> Finilized Path $TempPath= "C:\Users\Tejas\AppData\Roaming\IDM\"
2012-11-11 15:52:18 --> Window Created: IDM Backup Manager0.9.4(Beta) With Error Code: 0

============================= New Session Started at 2012-11-11 15:56:07 --> =============================

============================= System Information =============================
Module Name and Version: IDM Backup Manager0.9.4(Beta)
Module Path: C:\Users\Tejas\desktop\project\IDM\IDM BUILD_4\IDM Backup Manager.au3
OS Type: WIN32_NT
OS Version: WIN_7
Service Package: Service Pack 1
Total Memory: 1293880
Available Memory: 492476

============================= Variable Assignment =============================
2012-11-11 15:56:07 --> $AppDataIDMFolder = "C:\Users\Tejas\AppData\Roaming\IDM\"  Error Code:0
2012-11-11 15:56:07 --> $TempPath = "C:\Users\Tejas\AppData\Roaming\IDM\"  Error Code:0
2012-11-11 15:56:07 --> Finilized Path $AppDataIDMFolder= "C:\Users\Tejas\AppData\Roaming\IDM\"
2012-11-11 15:56:07 --> Finilized Path $TempPath= "C:\Users\Tejas\AppData\Roaming\IDM\"
2012-11-11 15:56:07 --> $AppDataIDMFolder = "C:\Users\Tejas\AppData\Roaming\IDM\"  Error Code:0
2012-11-11 15:56:07 --> $TempPath = "C:\Users\Tejas\AppData\Roaming\IDM\"  Error Code:0
2012-11-11 15:56:07 --> Finilized Path $AppDataIDMFolder= "C:\Users\Tejas\AppData\Roaming\IDM\"
2012-11-11 15:56:07 --> Finilized Path $TempPath= "C:\Users\Tejas\AppData\Roaming\IDM\"
2012-11-11 15:56:07 --> Window Created: IDM Backup Manager0.9.4(Beta) With Error Code: 0

============================= New Session Started at 2012-11-11 15:57:44 --> =============================

============================= System Information =============================
Module Name and Version: IDM Backup Manager0.9.4(Beta)
Module Path: C:\Users\Tejas\desktop\project\IDM\IDM BUILD_4\IDM Backup Manager.exe
OS Type: WIN32_NT
OS Version: WIN_7
Service Package: Service Pack 1
Total Memory: 1293880
Available Memory: 502836

============================= Variable Assignment =============================
2012-11-11 15:57:44 --> $AppDataIDMFolder = "C:\Users\Tejas\AppData\Roaming\IDM\"  Error Code:0
2012-11-11 15:57:44 --> $TempPath = "C:\Users\Tejas\AppData\Roaming\IDM\"  Error Code:0
2012-11-11 15:57:44 --> Finilized Path $AppDataIDMFolder= "C:\Users\Tejas\AppData\Roaming\IDM\"
2012-11-11 15:57:44 --> Finilized Path $TempPath= "C:\Users\Tejas\AppData\Roaming\IDM\"
2012-11-11 15:57:44 --> $AppDataIDMFolder = "C:\Users\Tejas\AppData\Roaming\IDM\"  Error Code:0
2012-11-11 15:57:44 --> $TempPath = "C:\Users\Tejas\AppData\Roaming\IDM\"  Error Code:0
2012-11-11 15:57:44 --> Finilized Path $AppDataIDMFolder= "C:\Users\Tejas\AppData\Roaming\IDM\"
2012-11-11 15:57:44 --> Finilized Path $TempPath= "C:\Users\Tejas\AppData\Roaming\IDM\"
2012-11-11 15:57:44 --> Window Created: IDM Backup Manager0.9.4(Beta) With Error Code: 0

============================= New Session Started at 2012-11-11 16:04:17 --> =============================

============================= System Information =============================
Module Name and Version: IDM Backup Manager0.9.4(Beta)
Module Path: C:\Users\Tejas\desktop\project\IDM\IDM BUILD_4\IDM Backup Manager.au3
OS Type: WIN32_NT
OS Version: WIN_7
Service Package: Service Pack 1
Total Memory: 1293880
Available Memory: 476008

============================= Variable Assignment =============================
2012-11-11 16:04:17 --> $AppDataIDMFolder = "C:\Users\Tejas\AppData\Roaming\IDM\"  Error Code:0
2012-11-11 16:04:17 --> $TempPath = "C:\Users\Tejas\AppData\Roaming\IDM\"  Error Code:0
2012-11-11 16:04:17 --> Finilized Path $AppDataIDMFolder= "C:\Users\Tejas\AppData\Roaming\IDM\"
2012-11-11 16:04:17 --> Finilized Path $TempPath= "C:\Users\Tejas\AppData\Roaming\IDM\"
2012-11-11 16:04:17 --> $AppDataIDMFolder = "C:\Users\Tejas\AppData\Roaming\IDM\"  Error Code:0
2012-11-11 16:04:17 --> $TempPath = "C:\Users\Tejas\AppData\Roaming\IDM\"  Error Code:0
2012-11-11 16:04:17 --> Finilized Path $AppDataIDMFolder= "C:\Users\Tejas\AppData\Roaming\IDM\"
2012-11-11 16:04:17 --> Finilized Path $TempPath= "C:\Users\Tejas\AppData\Roaming\IDM\"
2012-11-11 16:04:17 --> Window Created: IDM Backup Manager0.9.4(Beta) With Error Code: 0

============================= New Session Started at 2012-11-11 16:16:22 --> =============================

============================= System Information =============================
Module Name and Version: IDM Backup Manager0.9.4(Beta)
Module Path: C:\Users\Tejas\desktop\project\IDM\IDM BUILD_4\IDM Backup Manager.exe
OS Type: WIN32_NT
OS Version: WIN_7
Service Package: Service Pack 1
Total Memory: 1293880
Available Memory: 458008

============================= Variable Assignment =============================
2012-11-11 16:16:22 --> $AppDataIDMFolder = "C:\Users\Tejas\AppData\Roaming\IDM\"  Error Code:0
2012-11-11 16:16:22 --> $TempPath = "C:\Users\Tejas\AppData\Roaming\IDM\"  Error Code:0
2012-11-11 16:16:22 --> Finilized Path $AppDataIDMFolder= "C:\Users\Tejas\AppData\Roaming\IDM\"
2012-11-11 16:16:22 --> Finilized Path $TempPath= "C:\Users\Tejas\AppData\Roaming\IDM\"
2012-11-11 16:16:22 --> $AppDataIDMFolder = "C:\Users\Tejas\AppData\Roaming\IDM\"  Error Code:0
2012-11-11 16:16:22 --> $TempPath = "C:\Users\Tejas\AppData\Roaming\IDM\"  Error Code:0
2012-11-11 16:16:22 --> Finilized Path $AppDataIDMFolder= "C:\Users\Tejas\AppData\Roaming\IDM\"
2012-11-11 16:16:22 --> Finilized Path $TempPath= "C:\Users\Tejas\AppData\Roaming\IDM\"
2012-11-11 16:16:22 --> Window Created: IDM Backup Manager0.9.4(Beta) With Error Code: 0

============================= New Session Started at 2012-11-11 16:22:09 --> =============================

============================= System Information =============================
Module Name and Version: IDM Backup Manager0.9.4(Beta)
Module Path: C:\Users\Tejas\desktop\project\IDM\IDM BUILD_4\IDM Backup Manager.exe
OS Type: WIN32_NT
OS Version: WIN_7
Service Package: Service Pack 1
Total Memory: 1293880
Available Memory: 533712

============================= Variable Assignment =============================
2012-11-11 16:22:09 --> $AppDataIDMFolder = "C:\Users\Tejas\AppData\Roaming\IDM\"  Error Code:0
2012-11-11 16:22:09 --> $TempPath = "C:\Users\Tejas\AppData\Roaming\IDM\"  Error Code:0
2012-11-11 16:22:09 --> Finilized Path $AppDataIDMFolder= "C:\Users\Tejas\AppData\Roaming\IDM\"
2012-11-11 16:22:09 --> Finilized Path $TempPath= "C:\Users\Tejas\AppData\Roaming\IDM\"
2012-11-11 16:22:09 --> $AppDataIDMFolder = "C:\Users\Tejas\AppData\Roaming\IDM\"  Error Code:0
2012-11-11 16:22:09 --> $TempPath = "C:\Users\Tejas\AppData\Roaming\IDM\"  Error Code:0
2012-11-11 16:22:09 --> Finilized Path $AppDataIDMFolder= "C:\Users\Tejas\AppData\Roaming\IDM\"
2012-11-11 16:22:09 --> Finilized Path $TempPath= "C:\Users\Tejas\AppData\Roaming\IDM\"
2012-11-11 16:22:10 --> Window Created: IDM Backup Manager0.9.4(Beta) With Error Code: 0

============================= New Session Started at 2012-11-14 07:15:59 --> =============================

============================= System Information =============================
Module Name and Version: IDM Backup Manager0.9.4(Beta)
Module Path: C:\Users\Tejas\desktop\project\IDM\IDM BUILD_4\IDM Backup Manager.au3
OS Type: WIN32_NT
OS Version: WIN_7
Service Package: Service Pack 1
Total Memory: 1302072
Available Memory: 660532

============================= Variable Assignment =============================
2012-11-14 07:16:00 --> Internet Download Manager Is Running Now...User Selected No
2012-11-14 07:16:00 --> $AppDataIDMFolder = "C:\Users\Tejas\AppData\Roaming\IDM\"  Error Code:0
2012-11-14 07:16:00 --> $TempPath = "C:\Users\Tejas\AppData\Roaming\IDM\"  Error Code:0
2012-11-14 07:16:00 --> Finilized Path $AppDataIDMFolder= "C:\Users\Tejas\AppData\Roaming\IDM\"
2012-11-14 07:16:00 --> Finilized Path $TempPath= "C:\Users\Tejas\AppData\Roaming\IDM\"
2012-11-14 07:16:00 --> $AppDataIDMFolder = "C:\Users\Tejas\AppData\Roaming\IDM\"  Error Code:0
2012-11-14 07:16:00 --> $TempPath = "C:\Users\Tejas\AppData\Roaming\IDM\"  Error Code:0
2012-11-14 07:16:00 --> Finilized Path $AppDataIDMFolder= "C:\Users\Tejas\AppData\Roaming\IDM\"
2012-11-14 07:16:00 --> Finilized Path $TempPath= "C:\Users\Tejas\AppData\Roaming\IDM\"
2012-11-14 07:16:01 --> Window Created: IDM Backup Manager0.9.4(Beta) With Error Code: 0

============================= New Session Started at 2012-11-15 09:53:55 --> =============================

============================= System Information =============================
Module Name and Version: IDM Backup Manager0.9.4(Beta)
Module Path: C:\Users\Tejas\desktop\project\IDM\IDM BUILD_4\IDM Backup Manager.au3
OS Type: WIN32_NT
OS Version: WIN_7
Service Package: Service Pack 1
Total Memory: 1302072
Available Memory: 729596

============================= Variable Assignment =============================
2012-11-15 09:53:56 --> Internet Download Manager Is Running Now...User Selected No
2012-11-15 09:53:58 --> $AppDataIDMFolder = "C:\Users\Tejas\AppData\Roaming\IDM\"  Error Code:0
2012-11-15 09:53:58 --> $TempPath = "C:\Users\Tejas\AppData\Roaming\IDM\"  Error Code:0
2012-11-15 09:53:58 --> Finilized Path $AppDataIDMFolder= "C:\Users\Tejas\AppData\Roaming\IDM\"
2012-11-15 09:53:58 --> Finilized Path $TempPath= "C:\Users\Tejas\AppData\Roaming\IDM\"
2012-11-15 09:53:58 --> $AppDataIDMFolder = "C:\Users\Tejas\AppData\Roaming\IDM\"  Error Code:0
2012-11-15 09:53:58 --> $TempPath = "C:\Users\Tejas\AppData\Roaming\IDM\"  Error Code:0
2012-11-15 09:53:58 --> Finilized Path $AppDataIDMFolder= "C:\Users\Tejas\AppData\Roaming\IDM\"
2012-11-15 09:53:58 --> Finilized Path $TempPath= "C:\Users\Tejas\AppData\Roaming\IDM\"
2012-11-15 09:53:59 --> Window Created: IDM Backup Manager0.9.4(Beta) With Error Code: 0

============================= New Session Started at 2012-11-18 21:58:20 --> =============================

============================= System Information =============================
Module Name and Version: IDM Backup Manager0.9.4(Beta)
Module Path: C:\Users\Tejas\desktop\project\IDM\IDM BUILD_4\IDM Backup Manager.au3
OS Type: WIN32_NT
OS Version: WIN_7
Service Package: Service Pack 1
Total Memory: 1302072
Available Memory: 570984

============================= Variable Assignment =============================
2012-11-18 21:58:21 --> Internet Download Manager Is Running Now...User Selected No
2012-11-18 21:58:21 --> $AppDataIDMFolder = "C:\Users\Tejas\AppData\Roaming\IDM\"  Error Code:0
2012-11-18 21:58:21 --> $TempPath = "C:\Users\Tejas\AppData\Roaming\IDM\"  Error Code:0
2012-11-18 21:58:21 --> Finilized Path $AppDataIDMFolder= "C:\Users\Tejas\AppData\Roaming\IDM\"
2012-11-18 21:58:21 --> Finilized Path $TempPath= "C:\Users\Tejas\AppData\Roaming\IDM\"
2012-11-18 21:58:21 --> $AppDataIDMFolder = "C:\Users\Tejas\AppData\Roaming\IDM\"  Error Code:0
2012-11-18 21:58:21 --> $TempPath = "C:\Users\Tejas\AppData\Roaming\IDM\"  Error Code:0
2012-11-18 21:58:21 --> Finilized Path $AppDataIDMFolder= "C:\Users\Tejas\AppData\Roaming\IDM\"
2012-11-18 21:58:21 --> Finilized Path $TempPath= "C:\Users\Tejas\AppData\Roaming\IDM\"
2012-11-18 21:58:22 --> Window Created: IDM Backup Manager0.9.4(Beta) With Error Code: 0

============================= New Session Started at 2012-11-18 22:01:50 --> =============================

============================= System Information =============================
Module Name and Version: IDM Backup Manager0.9.4(Beta)
Module Path: C:\Users\Tejas\desktop\project\IDM\IDM BUILD_4\IDM Backup Manager.au3
OS Type: WIN32_NT
OS Version: WIN_7
Service Package: Service Pack 1
Total Memory: 1302072
Available Memory: 520660

============================= Variable Assignment =============================
2012-11-18 22:01:50 --> Internet Download Manager Is Running Now...User Selected No
2012-11-18 22:01:51 --> $AppDataIDMFolder = "C:\Users\Tejas\AppData\Roaming\IDM\"  Error Code:0
2012-11-18 22:01:51 --> $TempPath = "C:\Users\Tejas\AppData\Roaming\IDM\"  Error Code:0
2012-11-18 22:01:51 --> Finilized Path $AppDataIDMFolder= "C:\Users\Tejas\AppData\Roaming\IDM\"
2012-11-18 22:01:51 --> Finilized Path $TempPath= "C:\Users\Tejas\AppData\Roaming\IDM\"
2012-11-18 22:01:51 --> $AppDataIDMFolder = "C:\Users\Tejas\AppData\Roaming\IDM\"  Error Code:0
2012-11-18 22:01:51 --> $TempPath = "C:\Users\Tejas\AppData\Roaming\IDM\"  Error Code:0
2012-11-18 22:01:51 --> Finilized Path $AppDataIDMFolder= "C:\Users\Tejas\AppData\Roaming\IDM\"
2012-11-18 22:01:51 --> Finilized Path $TempPath= "C:\Users\Tejas\AppData\Roaming\IDM\"
2012-11-18 22:01:51 --> Window Created: IDM Backup Manager0.9.4(Beta) With Error Code: 0

============================= New Session Started at 2012-11-18 22:02:24 --> =============================

============================= System Information =============================
Module Name and Version: IDM Backup Manager0.9.4(Beta)
Module Path: C:\Users\Tejas\desktop\project\IDM\IDM BUILD_4\IDM Backup Manager.au3
OS Type: WIN32_NT
OS Version: WIN_7
Service Package: Service Pack 1
Total Memory: 1302072
Available Memory: 526964

============================= Variable Assignment =============================
2012-11-18 22:02:25 --> Internet Download Manager Is Running Now...User Selected No
2012-11-18 22:02:26 --> $AppDataIDMFolder = "C:\Users\Tejas\AppData\Roaming\IDM\"  Error Code:0
2012-11-18 22:02:26 --> $TempPath = "C:\Users\Tejas\AppData\Roaming\IDM\"  Error Code:0
2012-11-18 22:02:26 --> Finilized Path $AppDataIDMFolder= "C:\Users\Tejas\AppData\Roaming\IDM\"
2012-11-18 22:02:26 --> Finilized Path $TempPath= "C:\Users\Tejas\AppData\Roaming\IDM\"
2012-11-18 22:02:26 --> $AppDataIDMFolder = "C:\Users\Tejas\AppData\Roaming\IDM\"  Error Code:0
2012-11-18 22:02:26 --> $TempPath = "C:\Users\Tejas\AppData\Roaming\IDM\"  Error Code:0
2012-11-18 22:02:26 --> Finilized Path $AppDataIDMFolder= "C:\Users\Tejas\AppData\Roaming\IDM\"
2012-11-18 22:02:26 --> Finilized Path $TempPath= "C:\Users\Tejas\AppData\Roaming\IDM\"
2012-11-18 22:02:26 --> Window Created: IDM Backup Manager0.9.4(Beta) With Error Code: 0

============================= New Session Started at 2012-11-18 22:02:42 --> =============================

============================= System Information =============================
Module Name and Version: IDM Backup Manager0.9.4(Beta)
Module Path: C:\Users\Tejas\desktop\project\IDM\IDM BUILD_4\IDM Backup Manager.au3
OS Type: WIN32_NT
OS Version: WIN_7
Service Package: Service Pack 1
Total Memory: 1302072
Available Memory: 526616

============================= Variable Assignment =============================
2012-11-18 22:02:42 --> Internet Download Manager Is Running Now...User Selected No
2012-11-18 22:02:43 --> $AppDataIDMFolder = "C:\Users\Tejas\AppData\Roaming\IDM\"  Error Code:0
2012-11-18 22:02:43 --> $TempPath = "C:\Users\Tejas\AppData\Roaming\IDM\"  Error Code:0
2012-11-18 22:02:43 --> Finilized Path $AppDataIDMFolder= "C:\Users\Tejas\AppData\Roaming\IDM\"
2012-11-18 22:02:43 --> Finilized Path $TempPath= "C:\Users\Tejas\AppData\Roaming\IDM\"
2012-11-18 22:02:43 --> $AppDataIDMFolder = "C:\Users\Tejas\AppData\Roaming\IDM\"  Error Code:0
2012-11-18 22:02:43 --> $TempPath = "C:\Users\Tejas\AppData\Roaming\IDM\"  Error Code:0
2012-11-18 22:02:43 --> Finilized Path $AppDataIDMFolder= "C:\Users\Tejas\AppData\Roaming\IDM\"
2012-11-18 22:02:43 --> Finilized Path $TempPath= "C:\Users\Tejas\AppData\Roaming\IDM\"
2012-11-18 22:02:43 --> Window Created: IDM Backup Manager0.9.4(Beta) With Error Code: 0

============================= New Session Started at 2012-11-18 22:08:49 --> =============================

============================= System Information =============================
Module Name and Version: IDM Backup Manager0.9.4(Beta)
Module Path: C:\Users\Tejas\desktop\project\IDM\IDM BUILD_4\IDM Backup Manager.au3
OS Type: WIN32_NT
OS Version: WIN_7
Service Package: Service Pack 1
Total Memory: 1302072
Available Memory: 553480

============================= Variable Assignment =============================
2012-11-18 22:08:50 --> Internet Download Manager Is Running Now...User Selected No
2012-11-18 22:08:50 --> $AppDataIDMFolder = "C:\Users\Tejas\AppData\Roaming\IDM\"  Error Code:0
2012-11-18 22:08:50 --> $TempPath = "C:\Users\Tejas\AppData\Roaming\IDM\"  Error Code:0
2012-11-18 22:08:50 --> Finilized Path $AppDataIDMFolder= "C:\Users\Tejas\AppData\Roaming\IDM\"
2012-11-18 22:08:50 --> Finilized Path $TempPath= "C:\Users\Tejas\AppData\Roaming\IDM\"
2012-11-18 22:08:50 --> $AppDataIDMFolder = "C:\Users\Tejas\AppData\Roaming\IDM\"  Error Code:0
2012-11-18 22:08:50 --> $TempPath = "C:\Users\Tejas\AppData\Roaming\IDM\"  Error Code:0
2012-11-18 22:08:50 --> Finilized Path $AppDataIDMFolder= "C:\Users\Tejas\AppData\Roaming\IDM\"
2012-11-18 22:08:50 --> Finilized Path $TempPath= "C:\Users\Tejas\AppData\Roaming\IDM\"
2012-11-18 22:08:51 --> Window Created: IDM Backup Manager0.9.4(Beta) With Error Code: 0

============================= New Session Started at 2012-11-18 22:17:42 --> =============================

============================= System Information =============================
Module Name and Version: IDM Backup Manager0.9.4(Beta)
Module Path: C:\Users\Tejas\desktop\project\IDM\IDM BUILD_4\IDM Backup Manager.au3
OS Type: WIN32_NT
OS Version: WIN_7
Service Package: Service Pack 1
Total Memory: 1302072
Available Memory: 726632

============================= Variable Assignment =============================
2012-11-18 22:17:43 --> Internet Download Manager Is Running Now...User Selected No
2012-11-18 22:17:44 --> $AppDataIDMFolder = "C:\Users\Tejas\AppData\Roaming\IDM\"  Error Code:0
2012-11-18 22:17:44 --> $TempPath = "C:\Users\Tejas\AppData\Roaming\IDM\"  Error Code:0
2012-11-18 22:17:44 --> Finilized Path $AppDataIDMFolder= "C:\Users\Tejas\AppData\Roaming\IDM\"
2012-11-18 22:17:44 --> Finilized Path $TempPath= "C:\Users\Tejas\AppData\Roaming\IDM\"
2012-11-18 22:17:44 --> $AppDataIDMFolder = "C:\Users\Tejas\AppData\Roaming\IDM\"  Error Code:0
2012-11-18 22:17:44 --> $TempPath = "C:\Users\Tejas\AppData\Roaming\IDM\"  Error Code:0
2012-11-18 22:17:44 --> Finilized Path $AppDataIDMFolder= "C:\Users\Tejas\AppData\Roaming\IDM\"
2012-11-18 22:17:44 --> Finilized Path $TempPath= "C:\Users\Tejas\AppData\Roaming\IDM\"
2012-11-18 22:17:44 --> Window Created: IDM Backup Manager0.9.4(Beta) With Error Code: 0

============================= New Session Started at 2012-11-18 22:18:03 --> =============================

============================= System Information =============================
Module Name and Version: IDM Backup Manager0.9.4(Beta)
Module Path: C:\Users\Tejas\desktop\project\IDM\IDM BUILD_4\IDM Backup Manager.au3
OS Type: WIN32_NT
OS Version: WIN_7
Service Package: Service Pack 1
Total Memory: 1302072
Available Memory: 731860

============================= Variable Assignment =============================
2012-11-18 22:18:12 --> Internet Download Manager Is Running Now...User Selected No
2012-11-18 22:18:13 --> $AppDataIDMFolder = "C:\Users\Tejas\AppData\Roaming\IDM\"  Error Code:0
2012-11-18 22:18:13 --> $TempPath = "C:\Users\Tejas\AppData\Roaming\IDM\"  Error Code:0
2012-11-18 22:18:13 --> Finilized Path $AppDataIDMFolder= "C:\Users\Tejas\AppData\Roaming\IDM\"
2012-11-18 22:18:13 --> Finilized Path $TempPath= "C:\Users\Tejas\AppData\Roaming\IDM\"
2012-11-18 22:18:13 --> $AppDataIDMFolder = "C:\Users\Tejas\AppData\Roaming\IDM\"  Error Code:0
2012-11-18 22:18:13 --> $TempPath = "C:\Users\Tejas\AppData\Roaming\IDM\"  Error Code:0
2012-11-18 22:18:13 --> Finilized Path $AppDataIDMFolder= "C:\Users\Tejas\AppData\Roaming\IDM\"
2012-11-18 22:18:13 --> Finilized Path $TempPath= "C:\Users\Tejas\AppData\Roaming\IDM\"
2012-11-18 22:18:13 --> Window Created: IDM Backup Manager0.9.4(Beta) With Error Code: 0

============================= New Session Started at 2012-11-18 22:21:45 --> =============================

============================= System Information =============================
Module Name and Version: IDM Backup Manager0.9.4(Beta)
Module Path: C:\Users\Tejas\desktop\project\IDM\IDM BUILD_4\IDM Backup Manager.au3
OS Type: WIN32_NT
OS Version: WIN_7
Service Package: Service Pack 1
Total Memory: 1302072
Available Memory: 725268

============================= Variable Assignment =============================
2012-11-18 22:21:47 --> Internet Download Manager Is Running Now...User Selected No
2012-11-18 22:21:47 --> $AppDataIDMFolder = "C:\Users\Tejas\AppData\Roaming\IDM\"  Error Code:0
2012-11-18 22:21:47 --> $TempPath = "C:\Users\Tejas\AppData\Roaming\IDM\"  Error Code:0
2012-11-18 22:21:47 --> Finilized Path $AppDataIDMFolder= "C:\Users\Tejas\AppData\Roaming\IDM\"
2012-11-18 22:21:47 --> Finilized Path $TempPath= "C:\Users\Tejas\AppData\Roaming\IDM\"
2012-11-18 22:21:47 --> $AppDataIDMFolder = "C:\Users\Tejas\AppData\Roaming\IDM\"  Error Code:0
2012-11-18 22:21:47 --> $TempPath = "C:\Users\Tejas\AppData\Roaming\IDM\"  Error Code:0
2012-11-18 22:21:47 --> Finilized Path $AppDataIDMFolder= "C:\Users\Tejas\AppData\Roaming\IDM\"
2012-11-18 22:21:47 --> Finilized Path $TempPath= "C:\Users\Tejas\AppData\Roaming\IDM\"
2012-11-18 22:21:48 --> Window Created: IDM Backup Manager0.9.4(Beta) With Error Code: 0

============================= New Session Started at 2012-11-19 08:31:03 --> =============================

============================= System Information =============================
Module Name and Version: IDM Backup Manager0.9.4(Beta)
Module Path: C:\Users\Tejas\desktop\project\IDM\IDM BUILD_4\IDM Backup Manager.au3
OS Type: WIN32_NT
OS Version: WIN_7
Service Package: Service Pack 1
Total Memory: 1302072
Available Memory: 456820

============================= Variable Assignment =============================
2012-11-19 08:31:04 --> Internet Download Manager Is Running Now...User Selected No
2012-11-19 08:31:04 --> $AppDataIDMFolder = "C:\Users\Tejas\AppData\Roaming\IDM\"  Error Code:0
2012-11-19 08:31:04 --> $TempPath = "C:\Users\Tejas\AppData\Roaming\IDM\"  Error Code:0
2012-11-19 08:31:04 --> Finilized Path $AppDataIDMFolder= "C:\Users\Tejas\AppData\Roaming\IDM\"
2012-11-19 08:31:04 --> Finilized Path $TempPath= "C:\Users\Tejas\AppData\Roaming\IDM\"
2012-11-19 08:31:04 --> $AppDataIDMFolder = "C:\Users\Tejas\AppData\Roaming\IDM\"  Error Code:0
2012-11-19 08:31:04 --> $TempPath = "C:\Users\Tejas\AppData\Roaming\IDM\"  Error Code:0
2012-11-19 08:31:04 --> Finilized Path $AppDataIDMFolder= "C:\Users\Tejas\AppData\Roaming\IDM\"
2012-11-19 08:31:04 --> Finilized Path $TempPath= "C:\Users\Tejas\AppData\Roaming\IDM\"
2012-11-19 08:31:05 --> Window Created: IDM Backup Manager0.9.4(Beta) With Error Code: 0

============================= New Session Started at 2012-11-19 08:39:12 --> =============================

============================= System Information =============================
Module Name and Version: IDM Backup Manager0.9.4(Beta)
Module Path: C:\Users\Tejas\desktop\project\IDM\IDM BUILD_4\IDM Backup Manager.au3
OS Type: WIN32_NT
OS Version: WIN_7
Service Package: Service Pack 1
Total Memory: 1302072
Available Memory: 700268

============================= Variable Assignment =============================
2012-11-19 08:39:13 --> Internet Download Manager Is Running Now...User Selected No
2012-11-19 08:39:13 --> $AppDataIDMFolder = "C:\Users\Tejas\AppData\Roaming\IDM\"  Error Code:0
2012-11-19 08:39:13 --> $TempPath = "C:\Users\Tejas\AppData\Roaming\IDM\"  Error Code:0
2012-11-19 08:39:13 --> Finilized Path $AppDataIDMFolder= "C:\Users\Tejas\AppData\Roaming\IDM\"
2012-11-19 08:39:13 --> Finilized Path $TempPath= "C:\Users\Tejas\AppData\Roaming\IDM\"
2012-11-19 08:39:13 --> $AppDataIDMFolder = "C:\Users\Tejas\AppData\Roaming\IDM\"  Error Code:0
2012-11-19 08:39:13 --> $TempPath = "C:\Users\Tejas\AppData\Roaming\IDM\"  Error Code:0
2012-11-19 08:39:13 --> Finilized Path $AppDataIDMFolder= "C:\Users\Tejas\AppData\Roaming\IDM\"
2012-11-19 08:39:13 --> Finilized Path $TempPath= "C:\Users\Tejas\AppData\Roaming\IDM\"
2012-11-19 08:39:14 --> Window Created: IDM Backup Manager0.9.4(Beta) With Error Code: 0

============================= New Session Started at 2012-11-19 08:40:40 --> =============================

============================= System Information =============================
Module Name and Version: IDM Backup Manager0.9.4(Beta)
Module Path: C:\Users\Tejas\desktop\project\IDM\IDM BUILD_4\IDM Backup Manager.au3
OS Type: WIN32_NT
OS Version: WIN_7
Service Package: Service Pack 1
Total Memory: 1302072
Available Memory: 713728

============================= Variable Assignment =============================
2012-11-19 08:40:41 --> Internet Download Manager Is Running Now...User Selected No
2012-11-19 08:40:41 --> $AppDataIDMFolder = "C:\Users\Tejas\AppData\Roaming\IDM\"  Error Code:0
2012-11-19 08:40:41 --> $TempPath = "C:\Users\Tejas\AppData\Roaming\IDM\"  Error Code:0
2012-11-19 08:40:41 --> Finilized Path $AppDataIDMFolder= "C:\Users\Tejas\AppData\Roaming\IDM\"
2012-11-19 08:40:41 --> Finilized Path $TempPath= "C:\Users\Tejas\AppData\Roaming\IDM\"
2012-11-19 08:40:41 --> $AppDataIDMFolder = "C:\Users\Tejas\AppData\Roaming\IDM\"  Error Code:0
2012-11-19 08:40:41 --> $TempPath = "C:\Users\Tejas\AppData\Roaming\IDM\"  Error Code:0
2012-11-19 08:40:41 --> Finilized Path $AppDataIDMFolder= "C:\Users\Tejas\AppData\Roaming\IDM\"
2012-11-19 08:40:41 --> Finilized Path $TempPath= "C:\Users\Tejas\AppData\Roaming\IDM\"
2012-11-19 08:40:42 --> Window Created: IDM Backup Manager0.9.4(Beta) With Error Code: 0

============================= New Session Started at 2012-11-19 22:45:34 --> =============================

============================= System Information =============================
Module Name and Version: IDM Backup Manager0.9.4(Beta)
Module Path: C:\Users\Tejas\desktop\project\IDM\IDM BUILD_4\IDM Backup Manager.au3
OS Type: WIN32_NT
OS Version: WIN_7
Service Package: Service Pack 1
Total Memory: 1302072
Available Memory: 516116

============================= Variable Assignment =============================
2012-11-19 22:45:36 --> Internet Download Manager Is Running Now...User Selected No
2012-11-19 22:45:40 --> $AppDataIDMFolder = "C:\Users\Tejas\AppData\Roaming\IDM\"  Error Code:0
2012-11-19 22:45:40 --> $TempPath = "C:\Users\Tejas\AppData\Roaming\IDM\"  Error Code:0
2012-11-19 22:45:40 --> Finilized Path $AppDataIDMFolder= "C:\Users\Tejas\AppData\Roaming\IDM\"
2012-11-19 22:45:40 --> Finilized Path $TempPath= "C:\Users\Tejas\AppData\Roaming\IDM\"
2012-11-19 22:45:40 --> $AppDataIDMFolder = "C:\Users\Tejas\AppData\Roaming\IDM\"  Error Code:0
2012-11-19 22:45:40 --> $TempPath = "C:\Users\Tejas\AppData\Roaming\IDM\"  Error Code:0
2012-11-19 22:45:40 --> Finilized Path $AppDataIDMFolder= "C:\Users\Tejas\AppData\Roaming\IDM\"
2012-11-19 22:45:40 --> Finilized Path $TempPath= "C:\Users\Tejas\AppData\Roaming\IDM\"
2012-11-19 22:45:40 --> Window Created: IDM Backup Manager0.9.4(Beta) With Error Code: 0

============================= New Session Started at 2012-12-22 15:59:57 --> =============================

============================= System Information =============================
Module Name and Version: IDM Backup Manager0.9.4(Beta)
Module Path: C:\Users\Tejas\Desktop\project\IDM\IDM BUILD_4\IDM Backup Manager.exe
OS Type: WIN32_NT
OS Version: WIN_7
Service Package: Service Pack 1
Total Memory: 1302072
Available Memory: 844668

============================= Variable Assignment =============================
2012-12-22 15:59:58 --> Internet Download Manager Is Running Now...User Selected No
2012-12-22 15:59:59 --> $AppDataIDMFolder = "C:\Users\Tejas\AppData\Roaming\IDM\"  Error Code:0
2012-12-22 15:59:59 --> $TempPath = "C:\Users\Tejas\AppData\Roaming\IDM\"  Error Code:0
2012-12-22 15:59:59 --> Finilized Path $AppDataIDMFolder= "C:\Users\Tejas\AppData\Roaming\IDM\"
2012-12-22 15:59:59 --> Finilized Path $TempPath= "C:\Users\Tejas\AppData\Roaming\IDM\"
2012-12-22 15:59:59 --> $AppDataIDMFolder = "C:\Users\Tejas\AppData\Roaming\IDM\"  Error Code:0
2012-12-22 15:59:59 --> $TempPath = "C:\Users\Tejas\AppData\Roaming\IDM\"  Error Code:0
2012-12-22 15:59:59 --> Finilized Path $AppDataIDMFolder= "C:\Users\Tejas\AppData\Roaming\IDM\"
2012-12-22 15:59:59 --> Finilized Path $TempPath= "C:\Users\Tejas\AppData\Roaming\IDM\"
2012-12-22 16:00:00 --> Window Created: IDM Backup Manager0.9.4(Beta) With Error Code: 0

============================= New Session Started at 2015-08-05 21:18:53 --> =============================

============================= System Information =============================
Module Name and Version: IDM Backup Manager0.9.4(Beta)
Module Path: C:\Users\Tejas\Desktop\PROJECT\branches\project\IDM\IDM BUILD_4\IDM Backup Manager.exe
OS Type: WIN32_NT
OS Version: WIN_8
Service Package: 
Total Memory: 2096564
Available Memory: 1154376

============================= Variable Assignment =============================
@OSArch ="X64"	Exit Code:-1
